Component: ARM Compiler 5.05 update 2 (build 169) Tool: armlink [4d0f33]

==============================================================================

Section Cross References

    startup_stm32f103xb.o(RESET) refers to startup_stm32f103xb.o(STACK) for __initial_sp
    startup_stm32f103xb.o(RESET) refers to startup_stm32f103xb.o(.text) for Reset_Handler
    startup_stm32f103xb.o(RESET) refers to stm32f1xx_it.o(i.NMI_Handler) for NMI_Handler
    startup_stm32f103xb.o(RESET) refers to stm32f1xx_it.o(i.HardFault_Handler) for HardFault_Handler
    startup_stm32f103xb.o(RESET) refers to stm32f1xx_it.o(i.MemManage_Handler) for MemManage_Handler
    startup_stm32f103xb.o(RESET) refers to stm32f1xx_it.o(i.BusFault_Handler) for BusFault_Handler
    startup_stm32f103xb.o(RESET) refers to stm32f1xx_it.o(i.UsageFault_Handler) for UsageFault_Handler
    startup_stm32f103xb.o(RESET) refers to stm32f1xx_it.o(i.SVC_Handler) for SVC_Handler
    startup_stm32f103xb.o(RESET) refers to stm32f1xx_it.o(i.DebugMon_Handler) for DebugMon_Handler
    startup_stm32f103xb.o(RESET) refers to stm32f1xx_it.o(i.PendSV_Handler) for PendSV_Handler
    startup_stm32f103xb.o(RESET) refers to stm32f1xx_it.o(i.SysTick_Handler) for SysTick_Handler
    startup_stm32f103xb.o(RESET) refers to stm32f1xx_it.o(i.TIM3_IRQHandler) for TIM3_IRQHandler
    startup_stm32f103xb.o(RESET) refers to stm32f1xx_it.o(i.USART2_IRQHandler) for USART2_IRQHandler
    startup_stm32f103xb.o(.text) refers to system_stm32f1xx.o(i.SystemInit) for SystemInit
    startup_stm32f103xb.o(.text) refers to entry.o(.ARM.Collect$$$$00000000) for __main
    control.o(i.Foward) refers to ffixi.o(.text) for __aeabi_f2iz
    control.o(i.Foward) refers to fflti.o(.text) for __aeabi_i2f
    control.o(i.Foward) refers to fmul.o(.text) for __aeabi_fmul
    control.o(i.Foward) refers to ffixui.o(.text) for __aeabi_f2uiz
    control.o(i.Foward) refers to control.o(.bss) for .bss
    control.o(i.Foward) refers to control.o(.data) for .data
    control.o(i.Get_Adc) refers to stm32f1xx_hal_adc.o(i.HAL_ADC_Start) for HAL_ADC_Start
    control.o(i.Get_Adc) refers to stm32f1xx_hal_adc.o(i.HAL_ADC_PollForConversion) for HAL_ADC_PollForConversion
    control.o(i.Get_Adc) refers to stm32f1xx_hal_adc.o(i.HAL_ADC_GetValue) for HAL_ADC_GetValue
    control.o(i.Get_Adc) refers to adc.o(.bss) for hadc1
    control.o(i.Get_Adc_Average) refers to control.o(i.Get_Adc) for Get_Adc
    control.o(i.Get_Adc_Average) refers to stm32f1xx_hal.o(i.HAL_Delay) for HAL_Delay
    control.o(i.Get_Adc_Average) refers to dfltui.o(.text) for __aeabi_ui2d
    control.o(i.Get_Adc_Average) refers to dmul.o(.text) for __aeabi_dmul
    control.o(i.Get_Adc_Average) refers to dscalb.o(.text) for __ARM_scalbn
    control.o(i.Get_Adc_Average) refers to dfixui.o(.text) for __aeabi_d2uiz
    control.o(i.HAL_TIM_PeriodElapsedCallback) refers to inv_mpu.o(i.mpu_dmp_get_data) for mpu_dmp_get_data
    control.o(i.HAL_TIM_PeriodElapsedCallback) refers to mpu6050.o(i.MPU_Get_Accelerometer) for MPU_Get_Accelerometer
    control.o(i.HAL_TIM_PeriodElapsedCallback) refers to mpu6050.o(i.MPU_Get_Gyroscope) for MPU_Get_Gyroscope
    control.o(i.HAL_TIM_PeriodElapsedCallback) refers to mpu6050.o(i.MPU_Get_Temperature) for MPU_Get_Temperature
    control.o(i.HAL_TIM_PeriodElapsedCallback) refers to fflti.o(.text) for __aeabi_i2f
    control.o(i.HAL_TIM_PeriodElapsedCallback) refers to control.o(i.Read_Speed) for Read_Speed
    control.o(i.HAL_TIM_PeriodElapsedCallback) refers to control.o(i.Key_Proc) for Key_Proc
    control.o(i.HAL_TIM_PeriodElapsedCallback) refers to ffixi.o(.text) for __aeabi_f2iz
    control.o(i.HAL_TIM_PeriodElapsedCallback) refers to stm32f1xx_hal_gpio.o(i.HAL_GPIO_WritePin) for HAL_GPIO_WritePin
    control.o(i.HAL_TIM_PeriodElapsedCallback) refers to control.o(i.balance_UP) for balance_UP
    control.o(i.HAL_TIM_PeriodElapsedCallback) refers to ffixui.o(.text) for __aeabi_f2uiz
    control.o(i.HAL_TIM_PeriodElapsedCallback) refers to control.o(i.velocity) for velocity
    control.o(i.HAL_TIM_PeriodElapsedCallback) refers to control.o(i.turn) for turn
    control.o(i.HAL_TIM_PeriodElapsedCallback) refers to control.o(i.Limit_Pwm) for Limit_Pwm
    control.o(i.HAL_TIM_PeriodElapsedCallback) refers to control.o(i.Set_Pwm) for Set_Pwm
    control.o(i.HAL_TIM_PeriodElapsedCallback) refers to control.o(.data) for .data
    control.o(i.HAL_TIM_PeriodElapsedCallback) refers to control.o(.bss) for .bss
    control.o(i.HAL_UART_RxCpltCallback) refers to stm32f1xx_hal_uart.o(i.HAL_UART_Receive_IT) for HAL_UART_Receive_IT
    control.o(i.HAL_UART_RxCpltCallback) refers to control.o(.data) for .data
    control.o(i.HAL_UART_RxCpltCallback) refers to usart.o(.bss) for huart2
    control.o(i.KEY_Scan) refers to stm32f1xx_hal_gpio.o(i.HAL_GPIO_ReadPin) for HAL_GPIO_ReadPin
    control.o(i.KEY_Scan) refers to control.o(.data) for .data
    control.o(i.Key_Proc) refers to control.o(i.KEY_Scan) for KEY_Scan
[...]
    i.TIM_CCxChannelCmd                      0x08003858   Section        0  stm32f1xx_hal_tim.o(i.TIM_CCxChannelCmd)
    i.TIM_ETR_SetConfig                      0x08003872   Section        0  stm32f1xx_hal_tim.o(i.TIM_ETR_SetConfig)
    i.TIM_ITRx_SetConfig                     0x08003886   Section        0  stm32f1xx_hal_tim.o(i.TIM_ITRx_SetConfig)
    TIM_ITRx_SetConfig                       0x08003887   Thumb Code    16  stm32f1xx_hal_tim.o(i.TIM_ITRx_SetConfig)
    i.TIM_Init                               0x08003898   Section        0  control.o(i.TIM_Init)
    i.TIM_OC1_SetConfig                      0x080038e4   Section        0  stm32f1xx_hal_tim.o(i.TIM_OC1_SetConfig)
    TIM_OC1_SetConfig                        0x080038e5   Thumb Code    74  stm32f1xx_hal_tim.o(i.TIM_OC1_SetConfig)
    i.TIM_OC2_SetConfig                      0x08003934   Section        0  stm32f1xx_hal_tim.o(i.TIM_OC2_SetConfig)
    i.TIM_OC3_SetConfig                      0x0800398c   Section        0  stm32f1xx_hal_tim.o(i.TIM_OC3_SetConfig)
    TIM_OC3_SetConfig                        0x0800398d   Thumb Code    82  stm32f1xx_hal_tim.o(i.TIM_OC3_SetConfig)
    i.TIM_OC4_SetConfig                      0x080039e4   Section        0  stm32f1xx_hal_tim.o(i.TIM_OC4_SetConfig)
    TIM_OC4_SetConfig                        0x080039e5   Thumb Code    64  stm32f1xx_hal_tim.o(i.TIM_OC4_SetConfig)
    i.TIM_TI1_ConfigInputStage               0x08003a28   Section        0  stm32f1xx_hal_tim.o(i.TIM_TI1_ConfigInputStage)
    TIM_TI1_ConfigInputStage                 0x08003a29   Thumb Code    34  stm32f1xx_hal_tim.o(i.TIM_TI1_ConfigInputStage)
    i.TIM_TI2_ConfigInputStage               0x08003a4a   Section        0  stm32f1xx_hal_tim.o(i.TIM_TI2_ConfigInputStage)
    TIM_TI2_ConfigInputStage                 0x08003a4b   Thumb Code    36  stm32f1xx_hal_tim.o(i.TIM_TI2_ConfigInputStage)
    i.UART_DMAAbortOnError                   0x08003a6e   Section        0  stm32f1xx_hal_uart.o(i.UART_DMAAbortOnError)
    UART_DMAAbortOnError                     0x08003a6f   Thumb Code    16  stm32f1xx_hal_uart.o(i.UART_DMAAbortOnError)
    i.UART_EndRxTransfer                     0x08003a7e   Section        0  stm32f1xx_hal_uart.o(i.UART_EndRxTransfer)
    UART_EndRxTransfer                       0x08003a7f   Thumb Code    48  stm32f1xx_hal_uart.o(i.UART_EndRxTransfer)
    i.UART_Receive_IT                        0x08003aae   Section        0  stm32f1xx_hal_uart.o(i.UART_Receive_IT)
    UART_Receive_IT                          0x08003aaf   Thumb Code   182  stm32f1xx_hal_uart.o(i.UART_Receive_IT)
    i.UART_SetConfig                         0x08003b64   Section        0  stm32f1xx_hal_uart.o(i.UART_SetConfig)
    UART_SetConfig                           0x08003b65   Thumb Code   178  stm32f1xx_hal_uart.o(i.UART_SetConfig)
    i.UART_Start_Receive_IT                  0x08003c1c   Section        0  stm32f1xx_hal_uart.o(i.UART_Start_Receive_IT)
    i.UART_WaitOnFlagUntilTimeout            0x08003c52   Section        0  stm32f1xx_hal_uart.o(i.UART_WaitOnFlagUntilTimeout)
    UART_WaitOnFlagUntilTimeout              0x08003c53   Thumb Code   100  stm32f1xx_hal_uart.o(i.UART_WaitOnFlagUntilTimeout)
    i.USART2_IRQHandler                      0x08003cb8   Section        0  stm32f1xx_it.o(i.USART2_IRQHandler)
    i.UsageFault_Handler                     0x08003cc4   Section        0  stm32f1xx_it.o(i.UsageFault_Handler)
    i.Write_IIC_Byte                         0x08003cc8   Section        0  oled.o(i.Write_IIC_Byte)
    i.Write_IIC_Command                      0x08003d18   Section        0  oled.o(i.Write_IIC_Command)
    i.Write_IIC_Data                         0x08003d46   Section        0  oled.o(i.Write_IIC_Data)
    i.__0printf$8                            0x08003d74   Section        0  printf8.o(i.__0printf$8)
    i.__ARM_fpclassify                       0x08003d94   Section        0  fpclassify.o(i.__ARM_fpclassify)
    i.__NVIC_SetPriority                     0x08003dbc   Section        0  stm32f1xx_hal_cortex.o(i.__NVIC_SetPriority)
    __NVIC_SetPriority                       0x08003dbd   Thumb Code    32  stm32f1xx_hal_cortex.o(i.__NVIC_SetPriority)
    i.__kernel_poly                          0x08003ddc   Section        0  poly.o(i.__kernel_poly)
    i.__mathlib_dbl_infnan                   0x08003e86   Section        0  dunder.o(i.__mathlib_dbl_infnan)
    i.__mathlib_dbl_infnan2                  0x08003e8c   Section        0  dunder.o(i.__mathlib_dbl_infnan2)
    i.__mathlib_dbl_invalid                  0x08003e90   Section        0  dunder.o(i.__mathlib_dbl_invalid)
    i.__mathlib_dbl_underflow                0x08003e9c   Section        0  dunder.o(i.__mathlib_dbl_underflow)
    i.__scatterload_copy                     0x08003eac   Section       14  handlers.o(i.__scatterload_copy)
    i.__scatterload_null                     0x08003eba   Section        2  handlers.o(i.__scatterload_null)
    i.__scatterload_zeroinit                 0x08003ebc   Section       14  handlers.o(i.__scatterload_zeroinit)
    i.__set_errno                            0x08003ecc   Section        0  errno.o(i.__set_errno)
    i._printf_core                           0x08003ed8   Section        0  printf8.o(i._printf_core)
    _printf_core                             0x08003ed9   Thumb Code   996  printf8.o(i._printf_core)
    i._printf_post_padding                   0x080042e8   Section        0  printf8.o(i._printf_post_padding)
    _printf_post_padding                     0x080042e9   Thumb Code    36  printf8.o(i._printf_post_padding)
    i._printf_pre_padding                    0x0800430c   Section        0  printf8.o(i._printf_pre_padding)
    _printf_pre_padding                      0x0800430d   Thumb Code    46  printf8.o(i._printf_pre_padding)
    i.accel_self_test                        0x0800433c   Section        0  inv_mpu.o(i.accel_self_test)
    accel_self_test                          0x0800433d   Thumb Code   114  inv_mpu.o(i.accel_self_test)
    i.asin                                   0x080043bc   Section        0  asin.o(i.asin)
    i.atan                                   0x0800462c   Section        0  atan.o(i.atan)
    i.atan2                                  0x0800484c   Section        0  atan2.o(i.atan2)
    i.balance_UP                             0x080049cc   Section        0  control.o(i.balance_UP)
    i.dmp_enable_6x_lp_quat                  0x08004a04   Section        0  inv_mpu_dmp_motion_driver.o(i.dmp_enable_6x_lp_quat)
    i.dmp_enable_feature                     0x08004a40   Section        0  inv_mpu_dmp_motion_driver.o(i.dmp_enable_feature)
    i.dmp_enable_gyro_cal                    0x08004c18   Section        0  inv_mpu_dmp_motion_driver.o(i.dmp_enable_gyro_cal)
    i.dmp_enable_lp_quat                     0x08004c54   Section        0  inv_mpu_dmp_motion_driver.o(i.dmp_enable_lp_quat)
    i.dmp_load_motion_driver_firmware        0x08004c90   Section        0  inv_mpu_dmp_motion_driver.o(i.dmp_load_motion_driver_firmware)
    i.dmp_read_fifo                          0x08004ca4   Section        0  inv_mpu_dmp_motion_driver.o(i.dmp_read_fifo)
    i.dmp_set_accel_bias                     0x08004de8   Section        0  inv_mpu_dmp_motion_driver.o(i.dmp_set_accel_bias)
    i.dmp_set_fifo_rate                      0x08004ec0   Section        0  inv_mpu_dmp_motion_driver.o(i.dmp_set_fifo_rate)
    i.dmp_set_gyro_bias                      0x08004f24   Section        0  inv_mpu_dmp_motion_driver.o(i.dmp_set_gyro_bias)
    i.dmp_set_orientation                    0x08004ff0   Section        0  inv_mpu_dmp_motion_driver.o(i.dmp_set_orientation)
    i.dmp_set_shake_reject_thresh            0x080050fc   Section        0  inv_mpu_dmp_motion_driver.o(i.dmp_set_shake_reject_thresh)
    i.dmp_set_shake_reject_time              0x0800512c   Section        0  inv_mpu_dmp_motion_driver.o(i.dmp_set_shake_reject_time)
    i.dmp_set_shake_reject_timeout           0x0800514c   Section        0  inv_mpu_dmp_motion_driver.o(i.dmp_set_shake_reject_timeout)
    i.dmp_set_tap_axes                       0x0800516c   Section        0  inv_mpu_dmp_motion_driver.o(i.dmp_set_tap_axes)
    i.dmp_set_tap_count                      0x080051ac   Section        0  inv_mpu_dmp_motion_driver.o(i.dmp_set_tap_count)
    i.dmp_set_tap_thresh                     0x080051d0   Section        0  inv_mpu_dmp_motion_driver.o(i.dmp_set_tap_thresh)
    i.dmp_set_tap_time                       0x080052f8   Section        0  inv_mpu_dmp_motion_driver.o(i.dmp_set_tap_time)
    i.dmp_set_tap_time_multi                 0x08005318   Section        0  inv_mpu_dmp_motion_driver.o(i.dmp_set_tap_time_multi)
    i.fputc                                  0x08005338   Section        0  usart.o(i.fputc)
    i.get_accel_prod_shift                   0x08005350   Section        0  inv_mpu.o(i.get_accel_prod_shift)
    get_accel_prod_shift                     0x08005351   Thumb Code   158  inv_mpu.o(i.get_accel_prod_shift)
    i.get_st_biases                          0x080053fc   Section        0  inv_mpu.o(i.get_st_biases)
    get_st_biases                            0x080053fd   Thumb Code   784  inv_mpu.o(i.get_st_biases)
    i.gyro_self_test                         0x08005710   Section        0  inv_mpu.o(i.gyro_self_test)
    gyro_self_test                           0x08005711   Thumb Code   190  inv_mpu.o(i.gyro_self_test)
    i.inv_orientation_matrix_to_scalar       0x080057e4   Section        0  inv_mpu.o(i.inv_orientation_matrix_to_scalar)
    i.inv_row_2_scale                        0x08005806   Section        0  inv_mpu.o(i.inv_row_2_scale)
    i.main                                   0x08005850   Section        0  main.o(i.main)
    i.mget_ms                                0x080058e8   Section        0  inv_mpu.o(i.mget_ms)
    i.mpu_configure_fifo                     0x080058ec   Section        0  inv_mpu.o(i.mpu_configure_fifo)
    i.mpu_dmp_get_data                       0x08005940   Section        0  inv_mpu.o(i.mpu_dmp_get_data)
    i.mpu_dmp_init                           0x08005adc   Section        0  inv_mpu.o(i.mpu_dmp_init)
    i.mpu_get_accel_fsr                      0x08005b80   Section        0  inv_mpu.o(i.mpu_get_accel_fsr)
    i.mpu_get_accel_sens                     0x08005bbc   Section        0  inv_mpu.o(i.mpu_get_accel_sens)
    i.mpu_get_gyro_fsr                       0x08005c00   Section        0  inv_mpu.o(i.mpu_get_gyro_fsr)
    i.mpu_get_gyro_sens                      0x08005c34   Section        0  inv_mpu.o(i.mpu_get_gyro_sens)
    i.mpu_get_lpf                            0x08005c74   Section        0  inv_mpu.o(i.mpu_get_lpf)
    i.mpu_get_sample_rate                    0x08005cac   Section        0  inv_mpu.o(i.mpu_get_sample_rate)
    i.mpu_init                               0x08005cc8   Section        0  inv_mpu.o(i.mpu_init)
    i.mpu_load_firmware                      0x08005e50   Section        0  inv_mpu.o(i.mpu_load_firmware)
    i.mpu_lp_accel_mode                      0x08005ef0   Section        0  inv_mpu.o(i.mpu_lp_accel_mode)
    i.mpu_read_fifo_stream                   0x08005fa8   Section        0  inv_mpu.o(i.mpu_read_fifo_stream)
    i.mpu_read_mem                           0x08006038   Section        0  inv_mpu.o(i.mpu_read_mem)
    i.mpu_reset_fifo                         0x0800608c   Section        0  inv_mpu.o(i.mpu_reset_fifo)
    i.mpu_run_self_test                      0x080061ec   Section        0  inv_mpu.o(i.mpu_run_self_test)
    i.mpu_set_accel_fsr                      0x080062dc   Section        0  inv_mpu.o(i.mpu_set_accel_fsr)
    i.mpu_set_bypass                         0x08006344   Section        0  inv_mpu.o(i.mpu_set_bypass)
    i.mpu_set_dmp_state                      0x08006420   Section        0  inv_mpu.o(i.mpu_set_dmp_state)
    i.mpu_set_gyro_fsr                       0x08006498   Section        0  inv_mpu.o(i.mpu_set_gyro_fsr)
    i.mpu_set_int_latched                    0x08006504   Section        0  inv_mpu.o(i.mpu_set_int_latched)
    i.mpu_set_lpf                            0x08006568   Section        0  inv_mpu.o(i.mpu_set_lpf)
    i.mpu_set_sample_rate                    0x080065d4   Section        0  inv_mpu.o(i.mpu_set_sample_rate)
    i.mpu_set_sensors                        0x08006654   Section        0  inv_mpu.o(i.mpu_set_sensors)
    i.mpu_write_mem                          0x0800670c   Section        0  inv_mpu.o(i.mpu_write_mem)
    i.oled_pow                               0x08006760   Section        0  oled.o(i.oled_pow)
    i.run_self_test                          0x08006770   Section        0  inv_mpu.o(i.run_self_test)
    i.set_int_enable                         0x080067e8   Section        0  inv_mpu.o(i.set_int_enable)
    set_int_enable                           0x080067e9   Thumb Code    84  inv_mpu.o(i.set_int_enable)
    i.sqrt                                   0x08006840   Section        0  sqrt.o(i.sqrt)
    i.turn                                   0x0800688c   Section        0  control.o(i.turn)
    i.velocity                               0x080068bc   Section        0  control.o(i.velocity)
    .constdata                               0x08006964   Section       16  system_stm32f1xx.o(.constdata)
    .constdata                               0x08006974   Section        8  system_stm32f1xx.o(.constdata)
    .constdata                               0x0800697c   Section     2072  oled.o(.constdata)
    .constdata                               0x08007194   Section       27  inv_mpu.o(.constdata)
    .constdata                               0x080071b0   Section       12  inv_mpu.o(.constdata)
    .constdata                               0x080071bc   Section       40  inv_mpu.o(.constdata)
    .constdata                               0x080071e4   Section     3062  inv_mpu_dmp_motion_driver.o(.constdata)
    dmp_memory                               0x080071e4   Data        3062  inv_mpu_dmp_motion_driver.o(.constdata)
    .constdata                               0x08007de0   Section       80  asin.o(.constdata)
    pS                                       0x08007de0   Data          48  asin.o(.constdata)
    qS                                       0x08007e10   Data          32  asin.o(.constdata)
    .constdata                               0x08007e30   Section      152  atan.o(.constdata)
    atanhi                                   0x08007e30   Data          32  atan.o(.constdata)
    atanlo                                   0x08007e50   Data          32  atan.o(.constdata)
    aTodd                                    0x08007e70   Data          40  atan.o(.constdata)
    aTeven                                   0x08007e98   Data          48  atan.o(.constdata)
    .constdata                               0x08007ec8   Section        8  qnan.o(.constdata)
    .conststring                             0x08007ed0   Section       77  inv_mpu.o(.conststring)
    .data                                    0x20000000   Section       40  control.o(.data)
    key_up                                   0x20000004   Data           1  control.o(.data)
    Velocity                                 0x20000018   Data           4  control.o(.data)
    Encoder_Least                            0x2000001c   Data           4  control.o(.data)
    Encoder                                  0x20000020   Data           4  control.o(.data)
    Encoder_Integral                         0x20000024   Data           4  control.o(.data)
    .data                                    0x20000028   Section       12  stm32f1xx_hal.o(.data)
    .data                                    0x20000034   Section        4  system_stm32f1xx.o(.data)
    .data                                    0x20000038   Section      256  oled.o(.data)
    .data                                    0x20000138   Section       53  inv_mpu.o(.data)
    st                                       0x20000138   Data          44  inv_mpu.o(.data)
    gyro_orientation                         0x20000164   Data           9  inv_mpu.o(.data)
    .data                                    0x20000170   Section        4  stdout.o(.data)
    .data                                    0x20000174   Section        4  errno.o(.data)
    _errno                                   0x20000174   Data           4  errno.o(.data)
    .bss                                     0x20000178   Section       84  control.o(.bss)
    .bss                                     0x200001cc   Section       48  adc.o(.bss)
    .bss                                     0x200001fc   Section       12  iwdg.o(.bss)
    .bss                                     0x20000208   Section      288  tim.o(.bss)
    .bss                                     0x20000328   Section       68  usart.o(.bss)
    .bss                                     0x2000036c   Section       16  inv_mpu_dmp_motion_driver.o(.bss)
    dmp                                      0x2000036c   Data          16  inv_mpu_dmp_motion_driver.o(.bss)
    STACK                                    0x20000380   Section     1024  startup_stm32f103xb.o(STACK)

    Global Symbols

    Symbol Name                              Value     Ov Type        Size  Object(Section)

    BuildAttributes$$THM_ISAv4$P$D$K$B$S$PE$A:L22UL41UL21$X:L11$S22US41US21$IEEE1$IW$USESV6$~STKCKD$USESV7$~SHL$OTIME$ROPI$IEEEX$EBA8$MICROLIB$REQ8$PRES8$EABIv2 0x00000000   Number         0  anon$$obj.o ABSOLUTE
    __ARM_use_no_argv                        0x00000000   Number         0  main.o ABSOLUTE
    _printf_a                                0x00000000   Number         0  stubs.o ABSOLUTE
    _printf_c                                0x00000000   Number         0  stubs.o ABSOLUTE
    _printf_charcount                        0x00000000   Number         0  stubs.o ABSOLUTE
    _printf_d                                0x00000000   Number         0  stubs.o ABSOLUTE
    _printf_e                                0x00000000   Number         0  stubs.o ABSOLUTE
    _printf_f                                0x00000000   Number         0  stubs.o ABSOLUTE
    _printf_flags                            0x00000000   Number         0  stubs.o ABSOLUTE
    _printf_fp_dec                           0x00000000   Number         0  stubs.o ABSOLUTE
    _printf_fp_hex                           0x00000000   Number         0  stubs.o ABSOLUTE
    _printf_g                                0x00000000   Number         0  stubs.o ABSOLUTE
    _printf_i                                0x00000000   Number         0  stubs.o ABSOLUTE
    _printf_int_dec                          0x00000000   Number         0  stubs.o ABSOLUTE
    _printf_l                                0x00000000   Number         0  stubs.o ABSOLUTE
    _printf_lc                               0x00000000   Number         0  stubs.o ABSOLUTE
    _printf_ll                               0x00000000   Number         0  stubs.o ABSOLUTE
    _printf_lld                              0x00000000   Number         0  stubs.o ABSOLUTE
    _printf_lli                              0x00000000   Number         0  stubs.o ABSOLUTE
    _printf_llo                              0x00000000   Number         0  stubs.o ABSOLUTE
    _printf_llu                              0x00000000   Number         0  stubs.o ABSOLUTE
    _printf_llx                              0x00000000   Number         0  stubs.o ABSOLUTE
    _printf_longlong_dec                     0x00000000   Number         0  stubs.o ABSOLUTE
    _printf_longlong_hex                     0x00000000   Number         0  stubs.o ABSOLUTE
    _printf_longlong_oct                     0x00000000   Number         0  stubs.o ABSOLUTE
    _printf_ls                               0x00000000   Number         0  stubs.o ABSOLUTE
    _printf_mbtowc                           0x00000000   Number         0  stubs.o ABSOLUTE
    _printf_n                                0x00000000   Number         0  stubs.o ABSOLUTE
    _printf_o                                0x00000000   Number         0  stubs.o ABSOLUTE
    _printf_p                                0x00000000   Number         0  stubs.o ABSOLUTE
    _printf_percent                          0x00000000   Number         0  stubs.o ABSOLUTE
    _printf_pre_padding                      0x00000000   Number         0  stubs.o ABSOLUTE
    _printf_return_value                     0x00000000   Number         0  stubs.o ABSOLUTE
    _printf_s                                0x00000000   Number         0  stubs.o ABSOLUTE
    _printf_sizespec                         0x00000000   Number         0  stubs.o ABSOLUTE
    _printf_str                              0x00000000   Number         0  stubs.o ABSOLUTE
    _printf_truncate_signed                  0x00000000   Number         0  stubs.o ABSOLUTE
    _printf_truncate_unsigned                0x00000000   Number         0  stubs.o ABSOLUTE
    _printf_u                                0x00000000   Number         0  stubs.o ABSOLUTE
    _printf_wc                               0x00000000   Number         0  stubs.o ABSOLUTE
    _printf_wctomb                           0x00000000   Number         0  stubs.o ABSOLUTE
    _printf_widthprec                        0x00000000   Number         0  stubs.o ABSOLUTE
    _printf_x                                0x00000000   Number         0  stubs.o ABSOLUTE
    __cpp_initialize__aeabi_                  - Undefined Weak Reference
    __cxa_finalize                            - Undefined Weak Reference
    _clock_init                               - Undefined Weak Reference
    _microlib_exit                            - Undefined Weak Reference
    __Vectors_Size                           0x000000ec   Number         0  startup_stm32f103xb.o ABSOLUTE
    __Vectors                                0x08000000   Data           4  startup_stm32f103xb.o(RESET)
    __Vectors_End                            0x080000ec   Data           0  startup_stm32f103xb.o(RESET)
    __main                                   0x080000ed   Thumb Code     0  entry.o(.ARM.Collect$$$$00000000)
    _main_stk                                0x080000ed   Thumb Code     0  entry2.o(.ARM.Collect$$$$00000001)
    _main_scatterload                        0x080000f1   Thumb Code     0  entry5.o(.ARM.Collect$$$$00000004)
    __main_after_scatterload                 0x080000f5   Thumb Code     0  entry5.o(.ARM.Collect$$$$00000004)
    _main_clock                              0x080000f5   Thumb Code     0  entry7b.o(.ARM.Collect$$$$00000008)
    _main_cpp_init                           0x080000f5   Thumb Code     0  entry8b.o(.ARM.Collect$$$$0000000A)
    _main_init                               0x080000f5   Thumb Code     0  entry9a.o(.ARM.Collect$$$$0000000B)
    __rt_final_cpp                           0x080000fd   Thumb Code     0  entry10a.o(.ARM.Collect$$$$0000000D)
    __rt_final_exit                          0x080000fd   Thumb Code     0  entry11a.o(.ARM.Collect$$$$0000000F)
    Reset_Handler                            0x08000101   Thumb Code     8  startup_stm32f103xb.o(.text)
    ADC1_2_IRQHandler                        0x0800011b   Thumb Code     0  startup_stm32f103xb.o(.text)
    CAN1_RX1_IRQHandler                      0x0800011b   Thumb Code     0  startup_stm32f103xb.o(.text)
    CAN1_SCE_IRQHandler                      0x0800011b   Thumb Code     0  startup_stm32f103xb.o(.text)
    DMA1_Channel1_IRQHandler                 0x0800011b   Thumb Code     0  startup_stm32f103xb.o(.text)
    DMA1_Channel2_IRQHandler                 0x0800011b   Thumb Code     0  startup_stm32f103xb.o(.text)
    DMA1_Channel3_IRQHandler                 0x0800011b   Thumb Code     0  startup_stm32f103xb.o(.text)
    DMA1_Channel4_IRQHandler                 0x0800011b   Thumb Code     0  startup_stm32f103xb.o(.text)
    DMA1_Channel5_IRQHandler                 0x0800011b   Thumb Code     0  startup_stm32f103xb.o(.text)
    DMA1_Channel6_IRQHandler                 0x0800011b   Thumb Code     0  startup_stm32f103xb.o(.text)
    DMA1_Channel7_IRQHandler                 0x0800011b   Thumb Code     0  startup_stm32f103xb.o(.text)
    EXTI0_IRQHandler                         0x0800011b   Thumb Code     0  startup_stm32f103xb.o(.text)
    EXTI15_10_IRQHandler                     0x0800011b   Thumb Code     0  startup_stm32f103xb.o(.text)
    EXTI1_IRQHandler                         0x0800011b   Thumb Code     0  startup_stm32f103xb.o(.text)
    EXTI2_IRQHandler                         0x0800011b   Thumb Code     0  startup_stm32f103xb.o(.text)
    EXTI3_IRQHandler                         0x0800011b   Thumb Code     0  startup_stm32f103xb.o(.text)
    EXTI4_IRQHandler                         0x0800011b   Thumb Code     0  startup_stm32f103xb.o(.text)
    EXTI9_5_IRQHandler                       0x0800011b   Thumb Code     0  startup_stm32f103xb.o(.text)
    FLASH_IRQHandler                         0x0800011b   Thumb Code     0  startup_stm32f103xb.o(.text)
    I2C1_ER_IRQHandler                       0x0800011b   Thumb Code     0  startup_stm32f103xb.o(.text)
    I2C1_EV_IRQHandler                       0x0800011b   Thumb Code     0  startup_stm32f103xb.o(.text)
    I2C2_ER_IRQHandler                       0x0800011b   Thumb Code     0  startup_stm32f103xb.o(.text)
    I2C2_EV_IRQHandler                       0x0800011b   Thumb Code     0  startup_stm32f103xb.o(.text)
    PVD_IRQHandler                           0x0800011b   Thumb Code     0  startup_stm32f103xb.o(.text)
    RCC_IRQHandler                           0x0800011b   Thumb Code     0  startup_stm32f103xb.o(.text)
    RTC_Alarm_IRQHandler                     0x0800011b   Thumb Code     0  startup_stm32f103xb.o(.text)
    RTC_IRQHandler                           0x0800011b   Thumb Code     0  startup_stm32f103xb.o(.text)
    SPI1_IRQHandler                          0x0800011b   Thumb Code     0  startup_stm32f103xb.o(.text)
    SPI2_IRQHandler                          0x0800011b   Thumb Code     0  startup_stm32f103xb.o(.text)
    TAMPER_IRQHandler                        0x0800011b   Thumb Code     0  startup_stm32f103xb.o(.text)
    TIM1_BRK_IRQHandler                      0x0800011b   Thumb Code     0  startup_stm32f103xb.o(.text)
    TIM1_CC_IRQHandler                       0x0800011b   Thumb Code     0  startup_stm32f103xb.o(.text)
    TIM1_TRG_COM_IRQHandler                  0x0800011b   Thumb Code     0  startup_stm32f103xb.o(.text)
    TIM1_UP_IRQHandler                       0x0800011b   Thumb Code     0  startup_stm32f103xb.o(.text)
    TIM2_IRQHandler                          0x0800011b   Thumb Code     0  startup_stm32f103xb.o(.text)
    TIM4_IRQHandler                          0x0800011b   Thumb Code     0  startup_stm32f103xb.o(.text)
    USART1_IRQHandler                        0x0800011b   Thumb Code     0  startup_stm32f103xb.o(.text)
    USART3_IRQHandler                        0x0800011b   Thumb Code     0  startup_stm32f103xb.o(.text)
    USBWakeUp_IRQHandler                     0x0800011b   Thumb Code     0  startup_stm32f103xb.o(.text)
    USB_HP_CAN1_TX_IRQHandler                0x0800011b   Thumb Code     0  startup_stm32f103xb.o(.text)
    USB_LP_CAN1_RX0_IRQHandler               0x0800011b   Thumb Code     0  startup_stm32f103xb.o(.text)
    WWDG_IRQHandler                          0x0800011b   Thumb Code     0  startup_stm32f103xb.o(.text)
    __aeabi_ldivmod                          0x08000125   Thumb Code    98  ldiv.o(.text)
    __aeabi_llsr                             0x08000187   Thumb Code    32  llushr.o(.text)
    _ll_ushift_r                             0x08000187   Thumb Code     0  llushr.o(.text)
    __aeabi_memset                           0x080001a7   Thumb Code    14  memseta.o(.text)
    __aeabi_memset4                          0x080001a7   Thumb Code     0  memseta.o(.text)
    __aeabi_memset8                          0x080001a7   Thumb Code     0  memseta.o(.text)
    __aeabi_memclr                           0x080001b5   Thumb Code     4  memseta.o(.text)
    __aeabi_memclr4                          0x080001b5   Thumb Code     0  memseta.o(.text)
    __aeabi_memclr8                          0x080001b5   Thumb Code     0  memseta.o(.text)
    _memset$wrapper                          0x080001b9   Thumb Code    18  memseta.o(.text)
    memcmp                                   0x080001cb   Thumb Code    26  memcmp.o(.text)
    __aeabi_fadd                             0x080001e5   Thumb Code   164  fadd.o(.text)
    __aeabi_fsub                             0x08000289   Thumb Code     6  fadd.o(.text)
    __aeabi_frsub                            0x0800028f   Thumb Code     6  fadd.o(.text)
    __aeabi_fmul                             0x08000295   Thumb Code   100  fmul.o(.text)
    __aeabi_fdiv                             0x080002f9   Thumb Code   124  fdiv.o(.text)
    __ARM_scalbnf                            0x08000375   Thumb Code    24  fscalb.o(.text)
    scalbnf                                  0x08000375   Thumb Code     0  fscalb.o(.text)
    __aeabi_dadd                             0x0800038d   Thumb Code   322  dadd.o(.text)
    __aeabi_dsub                             0x080004cf   Thumb Code     6  dadd.o(.text)
    __aeabi_drsub                            0x080004d5   Thumb Code     6  dadd.o(.text)
    __aeabi_dmul                             0x080004db   Thumb Code   228  dmul.o(.text)
    __aeabi_ddiv                             0x080005bf   Thumb Code   222  ddiv.o(.text)
    __ARM_scalbn                             0x0800069d   Thumb Code    46  dscalb.o(.text)
    scalbn                                   0x0800069d   Thumb Code     0  dscalb.o(.text)
    __aeabi_i2f                              0x080006cb   Thumb Code    18  fflti.o(.text)
    __aeabi_ui2f                             0x080006dd   Thumb Code    10  ffltui.o(.text)
    __aeabi_i2d                              0x080006e7   Thumb Code    34  dflti.o(.text)
    __aeabi_ui2d                             0x08000709   Thumb Code    26  dfltui.o(.text)
    __aeabi_f2iz                             0x08000723   Thumb Code    50  ffixi.o(.text)
    __aeabi_f2uiz                            0x08000755   Thumb Code    40  ffixui.o(.text)
    __aeabi_d2uiz                            0x0800077d   Thumb Code    50  dfixui.o(.text)
    __aeabi_f2d                              0x080007af   Thumb Code    38  f2d.o(.text)
    __aeabi_d2f                              0x080007d5   Thumb Code    56  d2f.o(.text)
    __aeabi_uldivmod                         0x0800080d   Thumb Code    98  uldiv.o(.text)
    __aeabi_llsl                             0x0800086f   Thumb Code    30  llshl.o(.text)
    _ll_shift_l                              0x0800086f   Thumb Code     0  llshl.o(.text)
    __aeabi_lasr                             0x0800088d   Thumb Code    36  llsshr.o(.text)
    _ll_sshift_r                             0x0800088d   Thumb Code     0  llsshr.o(.text)
    __I$use$fp                               0x080008b1   Thumb Code     0  iusefp.o(.text)
    _float_round                             0x080008b1   Thumb Code    18  fepilogue.o(.text)
    _float_epilogue                          0x080008c3   Thumb Code    92  fepilogue.o(.text)
    _double_round                            0x0800091f   Thumb Code    30  depilogue.o(.text)
    _double_epilogue                         0x0800093d   Thumb Code   156  depilogue.o(.text)
    __scatterload                            0x080009d9   Thumb Code    28  init.o(.text)
    __scatterload_rt2                        0x080009d9   Thumb Code     0  init.o(.text)
    _dsqrt                                   0x080009fd   Thumb Code   162  dsqrt.o(.text)
    __decompress                             0x08000a9f   Thumb Code     0  __dczerorl2.o(.text)
    __decompress1                            0x08000a9f   Thumb Code    86  __dczerorl2.o(.text)
    ADC_ConversionStop_Disable               0x08000af5   Thumb Code    86  stm32f1xx_hal_adc.o(i.ADC_ConversionStop_Disable)
    ADC_Enable                               0x08000b4d   Thumb Code   114  stm32f1xx_hal_adc.o(i.ADC_Enable)
    BusFault_Handler                         0x08000bc9   Thumb Code     2  stm32f1xx_it.o(i.BusFault_Handler)
    DebugMon_Handler                         0x08000bcb   Thumb Code     2  stm32f1xx_it.o(i.DebugMon_Handler)
    Error_Handler                            0x08000bcd   Thumb Code     4  main.o(i.Error_Handler)
    Get_Adc                                  0x08000bd1   Thumb Code    26  control.o(i.Get_Adc)
    Get_Adc_Average                          0x08000bf1   Thumb Code    82  control.o(i.Get_Adc_Average)
    HAL_ADC_ConfigChannel                    0x08000c55   Thumb Code   240  stm32f1xx_hal_adc.o(i.HAL_ADC_ConfigChannel)
    HAL_ADC_GetValue                         0x08000d51   Thumb Code     6  stm32f1xx_hal_adc.o(i.HAL_ADC_GetValue)
    HAL_ADC_Init                             0x08000d59   Thumb Code   272  stm32f1xx_hal_adc.o(i.HAL_ADC_Init)
    HAL_ADC_MspInit                          0x08000e75   Thumb Code    76  adc.o(i.HAL_ADC_MspInit)
    HAL_ADC_PollForConversion                0x08000ecd   Thumb Code   304  stm32f1xx_hal_adc.o(i.HAL_ADC_PollForConversion)
    HAL_ADC_Start                            0x08001009   Thumb Code   184  stm32f1xx_hal_adc.o(i.HAL_ADC_Start)
    HAL_DMA_Abort                            0x080010c9   Thumb Code    70  stm32f1xx_hal_dma.o(i.HAL_DMA_Abort)
    HAL_DMA_Abort_IT                         0x08001111   Thumb Code   148  stm32f1xx_hal_dma.o(i.HAL_DMA_Abort_IT)
    HAL_Delay                                0x080011a9   Thumb Code    32  stm32f1xx_hal.o(i.HAL_Delay)
    HAL_GPIO_Init                            0x080011cd   Thumb Code   446  stm32f1xx_hal_gpio.o(i.HAL_GPIO_Init)
    HAL_GPIO_ReadPin                         0x080013ad   Thumb Code    10  stm32f1xx_hal_gpio.o(i.HAL_GPIO_ReadPin)
    HAL_GPIO_WritePin                        0x080013b7   Thumb Code    10  stm32f1xx_hal_gpio.o(i.HAL_GPIO_WritePin)
    HAL_GetTick                              0x080013c1   Thumb Code     6  stm32f1xx_hal.o(i.HAL_GetTick)
    HAL_IWDG_Init                            0x080013cd   Thumb Code    90  stm32f1xx_hal_iwdg.o(i.HAL_IWDG_Init)
    HAL_IWDG_Refresh                         0x08001427   Thumb Code    12  stm32f1xx_hal_iwdg.o(i.HAL_IWDG_Refresh)
    HAL_IncTick                              0x08001435   Thumb Code    12  stm32f1xx_hal.o(i.HAL_IncTick)
    HAL_Init                                 0x08001445   Thumb Code    32  stm32f1xx_hal.o(i.HAL_Init)
    HAL_InitTick                             0x08001469   Thumb Code    54  stm32f1xx_hal.o(i.HAL_InitTick)
    HAL_MspInit                              0x080014a9   Thumb Code    52  stm32f1xx_hal_msp.o(i.HAL_MspInit)
    HAL_NVIC_EnableIRQ                       0x080014e5   Thumb Code    26  stm32f1xx_hal_cortex.o(i.HAL_NVIC_EnableIRQ)
    HAL_NVIC_SetPriority                     0x08001501   Thumb Code    60  stm32f1xx_hal_cortex.o(i.HAL_NVIC_SetPriority)
    HAL_NVIC_SetPriorityGrouping             0x08001541   Thumb Code    26  stm32f1xx_hal_cortex.o(i.HAL_NVIC_SetPriorityGrouping)
    HAL_RCCEx_GetPeriphCLKFreq               0x08001565   Thumb Code   166  stm32f1xx_hal_rcc_ex.o(i.HAL_RCCEx_GetPeriphCLKFreq)
    HAL_RCCEx_PeriphCLKConfig                0x0800162d   Thumb Code   224  stm32f1xx_hal_rcc_ex.o(i.HAL_RCCEx_PeriphCLKConfig)
    HAL_RCC_ClockConfig                      0x08001719   Thumb Code   280  stm32f1xx_hal_rcc.o(i.HAL_RCC_ClockConfig)
    HAL_RCC_GetPCLK1Freq                     0x08001845   Thumb Code    20  stm32f1xx_hal_rcc.o(i.HAL_RCC_GetPCLK1Freq)
    HAL_RCC_GetPCLK2Freq                     0x08001865   Thumb Code    20  stm32f1xx_hal_rcc.o(i.HAL_RCC_GetPCLK2Freq)
    HAL_RCC_GetSysClockFreq                  0x08001885   Thumb Code    74  stm32f1xx_hal_rcc.o(i.HAL_RCC_GetSysClockFreq)
    HAL_RCC_OscConfig                        0x080018f1   Thumb Code   778  stm32f1xx_hal_rcc.o(i.HAL_RCC_OscConfig)
    HAL_SYSTICK_Config                       0x08001c11   Thumb Code    40  stm32f1xx_hal_cortex.o(i.HAL_SYSTICK_Config)
    HAL_TIMEx_BreakCallback                  0x08001c39   Thumb Code     2  stm32f1xx_hal_tim_ex.o(i.HAL_TIMEx_BreakCallback)
    HAL_TIMEx_CommutCallback                 0x08001c3b   Thumb Code     2  stm32f1xx_hal_tim_ex.o(i.HAL_TIMEx_CommutCallback)
    HAL_TIMEx_ConfigBreakDeadTime            0x08001c3d   Thumb Code    84  stm32f1xx_hal_tim_ex.o(i.HAL_TIMEx_ConfigBreakDeadTime)
    HAL_TIMEx_MasterConfigSynchronization    0x08001c91   Thumb Code    92  stm32f1xx_hal_tim_ex.o(i.HAL_TIMEx_MasterConfigSynchronization)
    HAL_TIM_Base_Init                        0x08001cf9   Thumb Code    90  stm32f1xx_hal_tim.o(i.HAL_TIM_Base_Init)
    HAL_TIM_Base_MspInit                     0x08001d55   Thumb Code    50  tim.o(i.HAL_TIM_Base_MspInit)
    HAL_TIM_Base_Start_IT                    0x08001d91   Thumb Code    76  stm32f1xx_hal_tim.o(i.HAL_TIM_Base_Start_IT)
    HAL_TIM_ConfigClockSource                0x08001de9   Thumb Code   214  stm32f1xx_hal_tim.o(i.HAL_TIM_ConfigClockSource)
    HAL_TIM_Encoder_Init                     0x08001ebf   Thumb Code   164  stm32f1xx_hal_tim.o(i.HAL_TIM_Encoder_Init)
    HAL_TIM_Encoder_MspInit                  0x08001f65   Thumb Code   122  tim.o(i.HAL_TIM_Encoder_MspInit)
    HAL_TIM_Encoder_Start                    0x08001ff1   Thumb Code   142  stm32f1xx_hal_tim.o(i.HAL_TIM_Encoder_Start)
    HAL_TIM_IC_CaptureCallback               0x0800207f   Thumb Code     2  stm32f1xx_hal_tim.o(i.HAL_TIM_IC_CaptureCallback)
    HAL_TIM_IRQHandler                       0x08002081   Thumb Code   358  stm32f1xx_hal_tim.o(i.HAL_TIM_IRQHandler)
    HAL_TIM_MspPostInit                      0x080021e9   Thumb Code    64  tim.o(i.HAL_TIM_MspPostInit)
    HAL_TIM_OC_DelayElapsedCallback          0x08002235   Thumb Code     2  stm32f1xx_hal_tim.o(i.HAL_TIM_OC_DelayElapsedCallback)
    HAL_TIM_PWM_ConfigChannel                0x08002237   Thumb Code   198  stm32f1xx_hal_tim.o(i.HAL_TIM_PWM_ConfigChannel)
    HAL_TIM_PWM_Init                         0x080022fd   Thumb Code    90  stm32f1xx_hal_tim.o(i.HAL_TIM_PWM_Init)
    HAL_TIM_PWM_MspInit                      0x08002359   Thumb Code    30  tim.o(i.HAL_TIM_PWM_MspInit)
    HAL_TIM_PWM_PulseFinishedCallback        0x08002381   Thumb Code     2  stm32f1xx_hal_tim.o(i.HAL_TIM_PWM_PulseFinishedCallback)
    HAL_TIM_PWM_Start                        0x08002385   Thumb Code   144  stm32f1xx_hal_tim.o(i.HAL_TIM_PWM_Start)
    HAL_TIM_PeriodElapsedCallback            0x08002421   Thumb Code   442  control.o(i.HAL_TIM_PeriodElapsedCallback)
    HAL_TIM_TriggerCallback                  0x080025f1   Thumb Code     2  stm32f1xx_hal_tim.o(i.HAL_TIM_TriggerCallback)
    HAL_UARTEx_RxEventCallback               0x080025f3   Thumb Code     2  stm32f1xx_hal_uart.o(i.HAL_UARTEx_RxEventCallback)
    HAL_UART_ErrorCallback                   0x080025f5   Thumb Code     2  stm32f1xx_hal_uart.o(i.HAL_UART_ErrorCallback)
    HAL_UART_IRQHandler                      0x080025f9   Thumb Code   520  stm32f1xx_hal_uart.o(i.HAL_UART_IRQHandler)
    HAL_UART_Init                            0x08002805   Thumb Code    98  stm32f1xx_hal_uart.o(i.HAL_UART_Init)
    HAL_UART_MspInit                         0x08002869   Thumb Code   114  usart.o(i.HAL_UART_MspInit)
    HAL_UART_Receive_IT                      0x080028e9   Thumb Code    42  stm32f1xx_hal_uart.o(i.HAL_UART_Receive_IT)
    HAL_UART_RxCpltCallback                  0x08002915   Thumb Code    88  control.o(i.HAL_UART_RxCpltCallback)
    HAL_UART_Transmit                        0x08002979   Thumb Code   178  stm32f1xx_hal_uart.o(i.HAL_UART_Transmit)
    HAL_UART_TxCpltCallback                  0x08002a2b   Thumb Code     2  stm32f1xx_hal_uart.o(i.HAL_UART_TxCpltCallback)
    HardFault_Handler                        0x08002a2d   Thumb Code     2  stm32f1xx_it.o(i.HardFault_Handler)
    IICStart                                 0x08002a31   Thumb Code    48  oled.o(i.IICStart)
    IICStop                                  0x08002a65   Thumb Code    38  oled.o(i.IICStop)
    IIC_Ack                                  0x08002a91   Thumb Code    60  iic.o(i.IIC_Ack)
    IIC_GPIO_Init                            0x08002add   Thumb Code    50  iic.o(i.IIC_GPIO_Init)
    IIC_NAck                                 0x08002b19   Thumb Code    50  iic.o(i.IIC_NAck)
    IIC_Read_Byte                            0x08002b51   Thumb Code    84  iic.o(i.IIC_Read_Byte)
    IIC_Send_Byte                            0x08002ba9   Thumb Code    86  iic.o(i.IIC_Send_Byte)
    IIC_Start                                0x08002c05   Thumb Code    60  iic.o(i.IIC_Start)
    IIC_Stop                                 0x08002c45   Thumb Code    42  iic.o(i.IIC_Stop)
    IIC_WaitAck                              0x08002c75   Thumb Code    28  oled.o(i.IIC_WaitAck)
    IIC_Wait_Ack                             0x08002c95   Thumb Code    66  iic.o(i.IIC_Wait_Ack)
    KEY_Scan                                 0x08002cdd   Thumb Code   118  control.o(i.KEY_Scan)
    Key_Proc                                 0x08002d61   Thumb Code    32  control.o(i.Key_Proc)
    Limit_Pwm                                0x08002d85   Thumb Code     2  control.o(i.Limit_Pwm)
    MPU_Get_Accelerometer                    0x08002d87   Thumb Code    50  mpu6050.o(i.MPU_Get_Accelerometer)
    MPU_Get_Gyroscope                        0x08002db9   Thumb Code    50  mpu6050.o(i.MPU_Get_Gyroscope)
    MPU_Get_Temperature                      0x08002ded   Thumb Code    60  mpu6050.o(i.MPU_Get_Temperature)
    MPU_Read_Len                             0x08002e39   Thumb Code   108  mpu6050.o(i.MPU_Read_Len)
    MPU_Write_Len                            0x08002ea5   Thumb Code    82  mpu6050.o(i.MPU_Write_Len)
    MX_ADC1_Init                             0x08002ef9   Thumb Code    70  adc.o(i.MX_ADC1_Init)
    MX_GPIO_Init                             0x08002f49   Thumb Code   232  gpio.o(i.MX_GPIO_Init)
    MX_IWDG_Init                             0x08003041   Thumb Code    36  iwdg.o(i.MX_IWDG_Init)
    MX_TIM1_Init                             0x0800306d   Thumb Code   168  tim.o(i.MX_TIM1_Init)
    MX_TIM2_Init                             0x0800311d   Thumb Code   102  tim.o(i.MX_TIM2_Init)
    MX_TIM3_Init                             0x08003189   Thumb Code    96  tim.o(i.MX_TIM3_Init)
    MX_TIM4_Init                             0x080031f1   Thumb Code   100  tim.o(i.MX_TIM4_Init)
    MX_USART2_UART_Init                      0x0800325d   Thumb Code    48  usart.o(i.MX_USART2_UART_Init)
    MemManage_Handler                        0x08003295   Thumb Code     2  stm32f1xx_it.o(i.MemManage_Handler)
    NMI_Handler                              0x08003297   Thumb Code     2  stm32f1xx_it.o(i.NMI_Handler)
    OLED_Clear                               0x08003299   Thumb Code    58  oled.o(i.OLED_Clear)
    OLED_ColorTurn                           0x080032d5   Thumb Code    24  oled.o(i.OLED_ColorTurn)
    OLED_DisplayTurn                         0x080032ed   Thumb Code    44  oled.o(i.OLED_DisplayTurn)
    OLED_Init                                0x08003319   Thumb Code   222  oled.o(i.OLED_Init)
    OLED_Init_show                           0x080033f9   Thumb Code    44  control.o(i.OLED_Init_show)
    OLED_Proc                                0x08003431   Thumb Code    92  control.o(i.OLED_Proc)
    OLED_Set_Pos                             0x08003495   Thumb Code    42  oled.o(i.OLED_Set_Pos)
    OLED_ShowCHinese                         0x080034c1   Thumb Code    74  oled.o(i.OLED_ShowCHinese)
    OLED_ShowChar                            0x08003511   Thumb Code   128  oled.o(i.OLED_ShowChar)
    OLED_ShowNum                             0x08003599   Thumb Code   106  oled.o(i.OLED_ShowNum)
    OLED_ShowString                          0x08003603   Thumb Code    54  oled.o(i.OLED_ShowString)
    OLED_WR_Byte                             0x08003639   Thumb Code    12  oled.o(i.OLED_WR_Byte)
    PID_Init                                 0x08003645   Thumb Code    34  control.o(i.PID_Init)
    PendSV_Handler                           0x08003685   Thumb Code     2  stm32f1xx_it.o(i.PendSV_Handler)
    Read_Speed                               0x08003689   Thumb Code    30  control.o(i.Read_Speed)
    SVC_Handler                              0x080036b1   Thumb Code     2  stm32f1xx_it.o(i.SVC_Handler)
    Set_Pwm                                  0x080036b5   Thumb Code   146  control.o(i.Set_Pwm)
    SysTick_Handler                          0x08003759   Thumb Code     4  stm32f1xx_it.o(i.SysTick_Handler)
    SystemClock_Config                       0x0800375d   Thumb Code   128  main.o(i.SystemClock_Config)
    SystemInit                               0x080037dd   Thumb Code     2  system_stm32f1xx.o(i.SystemInit)
    TIM3_IRQHandler                          0x080037e1   Thumb Code     6  stm32f1xx_it.o(i.TIM3_IRQHandler)
    TIM_Base_SetConfig                       0x080037ed   Thumb Code    94  stm32f1xx_hal_tim.o(i.TIM_Base_SetConfig)
    TIM_CCxChannelCmd                        0x08003859   Thumb Code    26  stm32f1xx_hal_tim.o(i.TIM_CCxChannelCmd)
    TIM_ETR_SetConfig                        0x08003873   Thumb Code    20  stm32f1xx_hal_tim.o(i.TIM_ETR_SetConfig)
    TIM_Init                                 0x08003899   Thumb Code    60  control.o(i.TIM_Init)
    TIM_OC2_SetConfig                        0x08003935   Thumb Code    84  stm32f1xx_hal_tim.o(i.TIM_OC2_SetConfig)
    UART_Start_Receive_IT                    0x08003c1d   Thumb Code    54  stm32f1xx_hal_uart.o(i.UART_Start_Receive_IT)
    USART2_IRQHandler                        0x08003cb9   Thumb Code     6  stm32f1xx_it.o(i.USART2_IRQHandler)
    UsageFault_Handler                       0x08003cc5   Thumb Code     2  stm32f1xx_it.o(i.UsageFault_Handler)
    Write_IIC_Byte                           0x08003cc9   Thumb Code    76  oled.o(i.Write_IIC_Byte)
    Write_IIC_Command                        0x08003d19   Thumb Code    46  oled.o(i.Write_IIC_Command)
    Write_IIC_Data                           0x08003d47   Thumb Code    46  oled.o(i.Write_IIC_Data)
    __0printf$8                              0x08003d75   Thumb Code    22  printf8.o(i.__0printf$8)
    __1printf$8                              0x08003d75   Thumb Code     0  printf8.o(i.__0printf$8)
    __2printf                                0x08003d75   Thumb Code     0  printf8.o(i.__0printf$8)
    __ARM_fpclassify                         0x08003d95   Thumb Code    40  fpclassify.o(i.__ARM_fpclassify)
    __kernel_poly                            0x08003ddd   Thumb Code   170  poly.o(i.__kernel_poly)
    __mathlib_dbl_infnan                     0x08003e87   Thumb Code     6  dunder.o(i.__mathlib_dbl_infnan)
    __mathlib_dbl_infnan2                    0x08003e8d   Thumb Code     4  dunder.o(i.__mathlib_dbl_infnan2)
    __mathlib_dbl_invalid                    0x08003e91   Thumb Code    12  dunder.o(i.__mathlib_dbl_invalid)
    __mathlib_dbl_underflow                  0x08003e9d   Thumb Code    10  dunder.o(i.__mathlib_dbl_underflow)
    __scatterload_copy                       0x08003ead   Thumb Code    14  handlers.o(i.__scatterload_copy)
    __scatterload_null                       0x08003ebb   Thumb Code     2  handlers.o(i.__scatterload_null)
    __scatterload_zeroinit                   0x08003ebd   Thumb Code    14  handlers.o(i.__scatterload_zeroinit)
    __set_errno                              0x08003ecd   Thumb Code     6  errno.o(i.__set_errno)
    asin                                     0x080043bd   Thumb Code   572  asin.o(i.asin)
    atan                                     0x0800462d   Thumb Code   474  atan.o(i.atan)
    atan2                                    0x0800484d   Thumb Code   346  atan2.o(i.atan2)
    balance_UP                               0x080049cd   Thumb Code    52  control.o(i.balance_UP)
    dmp_enable_6x_lp_quat                    0x08004a05   Thumb Code    58  inv_mpu_dmp_motion_driver.o(i.dmp_enable_6x_lp_quat)
    dmp_enable_feature                       0x08004a41   Thumb Code   464  inv_mpu_dmp_motion_driver.o(i.dmp_enable_feature)
    dmp_enable_gyro_cal                      0x08004c19   Thumb Code    34  inv_mpu_dmp_motion_driver.o(i.dmp_enable_gyro_cal)
    dmp_enable_lp_quat                       0x08004c55   Thumb Code    58  inv_mpu_dmp_motion_driver.o(i.dmp_enable_lp_quat)
    dmp_load_motion_driver_firmware          0x08004c91   Thumb Code    16  inv_mpu_dmp_motion_driver.o(i.dmp_load_motion_driver_firmware)
    dmp_read_fifo                            0x08004ca5   Thumb Code   320  inv_mpu_dmp_motion_driver.o(i.dmp_read_fifo)
    dmp_set_accel_bias                       0x08004de9   Thumb Code   210  inv_mpu_dmp_motion_driver.o(i.dmp_set_accel_bias)
    dmp_set_fifo_rate                        0x08004ec1   Thumb Code    82  inv_mpu_dmp_motion_driver.o(i.dmp_set_fifo_rate)
    dmp_set_gyro_bias                        0x08004f25   Thumb Code   196  inv_mpu_dmp_motion_driver.o(i.dmp_set_gyro_bias)
    dmp_set_orientation                      0x08004ff1   Thumb Code   246  inv_mpu_dmp_motion_driver.o(i.dmp_set_orientation)
    dmp_set_shake_reject_thresh              0x080050fd   Thumb Code    48  inv_mpu_dmp_motion_driver.o(i.dmp_set_shake_reject_thresh)
    dmp_set_shake_reject_time                0x0800512d   Thumb Code    32  inv_mpu_dmp_motion_driver.o(i.dmp_set_shake_reject_time)
    dmp_set_shake_reject_timeout             0x0800514d   Thumb Code    32  inv_mpu_dmp_motion_driver.o(i.dmp_set_shake_reject_timeout)
    dmp_set_tap_axes                         0x0800516d   Thumb Code    64  inv_mpu_dmp_motion_driver.o(i.dmp_set_tap_axes)
    dmp_set_tap_count                        0x080051ad   Thumb Code    34  inv_mpu_dmp_motion_driver.o(i.dmp_set_tap_count)
    dmp_set_tap_thresh                       0x080051d1   Thumb Code   274  inv_mpu_dmp_motion_driver.o(i.dmp_set_tap_thresh)
    dmp_set_tap_time                         0x080052f9   Thumb Code    32  inv_mpu_dmp_motion_driver.o(i.dmp_set_tap_time)
    dmp_set_tap_time_multi                   0x08005319   Thumb Code    32  inv_mpu_dmp_motion_driver.o(i.dmp_set_tap_time_multi)
    fputc                                    0x08005339   Thumb Code    20  usart.o(i.fputc)
    inv_orientation_matrix_to_scalar         0x080057e5   Thumb Code    34  inv_mpu.o(i.inv_orientation_matrix_to_scalar)
    inv_row_2_scale                          0x08005807   Thumb Code    72  inv_mpu.o(i.inv_row_2_scale)
    main                                     0x08005851   Thumb Code   124  main.o(i.main)
    mget_ms                                  0x080058e9   Thumb Code     2  inv_mpu.o(i.mget_ms)
    mpu_configure_fifo                       0x080058ed   Thumb Code    78  inv_mpu.o(i.mpu_configure_fifo)
    mpu_dmp_get_data                         0x08005941   Thumb Code   408  inv_mpu.o(i.mpu_dmp_get_data)
    mpu_dmp_init                             0x08005add   Thumb Code   158  inv_mpu.o(i.mpu_dmp_init)
    mpu_get_accel_fsr                        0x08005b81   Thumb Code    54  inv_mpu.o(i.mpu_get_accel_fsr)
    mpu_get_accel_sens                       0x08005bbd   Thumb Code    62  inv_mpu.o(i.mpu_get_accel_sens)
    mpu_get_gyro_fsr                         0x08005c01   Thumb Code    48  inv_mpu.o(i.mpu_get_gyro_fsr)
    mpu_get_gyro_sens                        0x08005c35   Thumb Code    44  inv_mpu.o(i.mpu_get_gyro_sens)
    mpu_get_lpf                              0x08005c75   Thumb Code    52  inv_mpu.o(i.mpu_get_lpf)
    mpu_get_sample_rate                      0x08005cad   Thumb Code    22  inv_mpu.o(i.mpu_get_sample_rate)
    mpu_init                                 0x08005cc9   Thumb Code   310  inv_mpu.o(i.mpu_init)
    mpu_load_firmware                        0x08005e51   Thumb Code   154  inv_mpu.o(i.mpu_load_firmware)
    mpu_lp_accel_mode                        0x08005ef1   Thumb Code   178  inv_mpu.o(i.mpu_lp_accel_mode)
    mpu_read_fifo_stream                     0x08005fa9   Thumb Code   140  inv_mpu.o(i.mpu_read_fifo_stream)
    mpu_read_mem                             0x08006039   Thumb Code    80  inv_mpu.o(i.mpu_read_mem)
    mpu_reset_fifo                           0x0800608d   Thumb Code   346  inv_mpu.o(i.mpu_reset_fifo)
    mpu_run_self_test                        0x080061ed   Thumb Code   234  inv_mpu.o(i.mpu_run_self_test)
    mpu_set_accel_fsr                        0x080062dd   Thumb Code    98  inv_mpu.o(i.mpu_set_accel_fsr)
    mpu_set_bypass                           0x08006345   Thumb Code   214  inv_mpu.o(i.mpu_set_bypass)
    mpu_set_dmp_state                        0x08006421   Thumb Code   114  inv_mpu.o(i.mpu_set_dmp_state)
    mpu_set_gyro_fsr                         0x08006499   Thumb Code   104  inv_mpu.o(i.mpu_set_gyro_fsr)
    mpu_set_int_latched                      0x08006505   Thumb Code    94  inv_mpu.o(i.mpu_set_int_latched)
    mpu_set_lpf                              0x08006569   Thumb Code   102  inv_mpu.o(i.mpu_set_lpf)
    mpu_set_sample_rate                      0x080065d5   Thumb Code   124  inv_mpu.o(i.mpu_set_sample_rate)
    mpu_set_sensors                          0x08006655   Thumb Code   178  inv_mpu.o(i.mpu_set_sensors)
    mpu_write_mem                            0x0800670d   Thumb Code    80  inv_mpu.o(i.mpu_write_mem)
    oled_pow                                 0x08006761   Thumb Code    16  oled.o(i.oled_pow)
    run_self_test                            0x08006771   Thumb Code   118  inv_mpu.o(i.run_self_test)
    sqrt                                     0x08006841   Thumb Code    76  sqrt.o(i.sqrt)
    turn                                     0x0800688d   Thumb Code    44  control.o(i.turn)
    velocity                                 0x080068bd   Thumb Code   142  control.o(i.velocity)
    AHBPrescTable                            0x08006964   Data          16  system_stm32f1xx.o(.constdata)
    APBPrescTable                            0x08006974   Data           8  system_stm32f1xx.o(.constdata)
    F6x8                                     0x0800697c   Data         552  oled.o(.constdata)
    F8X16                                    0x08006ba4   Data        1520  oled.o(.constdata)
    reg                                      0x08007194   Data          27  inv_mpu.o(.constdata)
    hw                                       0x080071b0   Data          12  inv_mpu.o(.constdata)
    test                                     0x080071bc   Data          40  inv_mpu.o(.constdata)
    __mathlib_zero                           0x08007ec8   Data           8  qnan.o(.constdata)
    Region$$Table$$Base                      0x08007f20   Number         0  anon$$obj.o(Region$$Table)
    Region$$Table$$Limit                     0x08007f40   Number         0  anon$$obj.o(Region$$Table)
    balance_state                            0x20000000   Data           1  control.o(.data)
    UART_Receive_buffer                      0x20000001   Data           1  control.o(.data)
    forward                                  0x20000002   Data           1  control.o(.data)
    flag                                     0x20000003   Data           1  control.o(.data)
    delay_flag                               0x20000005   Data           1  control.o(.data)
    delay_50ms                               0x20000006   Data           1  control.o(.data)
    bluetooth                                0x20000007   Data           1  control.o(.data)
    object_yaw                               0x20000008   Data           2  control.o(.data)
    adc_volatge                              0x2000000a   Data           2  control.o(.data)
    Left_PWM                                 0x2000000c   Data           2  control.o(.data)
    Right_PWM                                0x2000000e   Data           2  control.o(.data)
    Moto1                                    0x20000010   Data           2  control.o(.data)
    Moto2                                    0x20000012   Data           2  control.o(.data)
    Lcnt                                     0x20000014   Data           2  control.o(.data)
    Rcnt                                     0x20000016   Data           2  control.o(.data)
    uwTickFreq                               0x20000028   Data           1  stm32f1xx_hal.o(.data)
    uwTickPrio                               0x2000002c   Data           4  stm32f1xx_hal.o(.data)
    uwTick                                   0x20000030   Data           4  stm32f1xx_hal.o(.data)
    SystemCoreClock                          0x20000034   Data           4  system_stm32f1xx.o(.data)
    Hzk                                      0x20000038   Data         256  oled.o(.data)
    __stdout                                 0x20000170   Data           4  stdout.o(.data)
    OutMpu                                   0x20000178   Data          28  control.o(.bss)
    PID                                      0x20000194   Data          28  control.o(.bss)
    Other                                    0x200001b0   Data          28  control.o(.bss)
    hadc1                                    0x200001cc   Data          48  adc.o(.bss)
    hiwdg                                    0x200001fc   Data          12  iwdg.o(.bss)
    htim1                                    0x20000208   Data          72  tim.o(.bss)
    htim2                                    0x20000250   Data          72  tim.o(.bss)
    htim3                                    0x20000298   Data          72  tim.o(.bss)
    htim4                                    0x200002e0   Data          72  tim.o(.bss)
    huart2                                   0x20000328   Data          68  usart.o(.bss)
    __initial_sp                             0x20000780   Data           0  startup_stm32f103xb.o(STACK)



==============================================================================

Memory Map of the image

  Image Entry point : 0x080000ed

  Load Region LR_IROM1 (Base: 0x08000000, Size: 0x000080b8, Max: 0x00010000, ABSOLUTE, COMPRESSED[0x00007fcc])

    Execution Region ER_IROM1 (Base: 0x08000000, Size: 0x00007f40, Max: 0x00010000, ABSOLUTE)

    Base Addr    Size         Type   Attr      Idx    E Section Name        Object

    0x08000000   0x000000ec   Data   RO            3    RESET               startup_stm32f103xb.o
    0x080000ec   0x00000000   Code   RO         4258  * .ARM.Collect$$$$00000000  mc_w.l(entry.o)
    0x080000ec   0x00000004   Code   RO         4601    .ARM.Collect$$$$00000001  mc_w.l(entry2.o)
    0x080000f0   0x00000004   Code   RO         4604    .ARM.Collect$$$$00000004  mc_w.l(entry5.o)
    0x080000f4   0x00000000   Code   RO         4606    .ARM.Collect$$$$00000008  mc_w.l(entry7b.o)
    0x080000f4   0x00000000   Code   RO         4608    .ARM.Collect$$$$0000000A  mc_w.l(entry8b.o)
    0x080000f4   0x00000008   Code   RO         4609    .ARM.Collect$$$$0000000B  mc_w.l(entry9a.o)
    0x080000fc   0x00000000   Code   RO         4611    .ARM.Collect$$$$0000000D  mc_w.l(entry10a.o)
    0x080000fc   0x00000000   Code   RO         4613    .ARM.Collect$$$$0000000F  mc_w.l(entry11a.o)
    0x080000fc   0x00000004   Code   RO         4602    .ARM.Collect$$$$00002712  mc_w.l(entry2.o)
    0x08000100   0x00000024   Code   RO            4    .text               startup_stm32f103xb.o
    0x08000124   0x00000062   Code   RO         4261    .text               mc_w.l(ldiv.o)
    0x08000186   0x00000020   Code   RO         4263    .text               mc_w.l(llushr.o)
    0x080001a6   0x00000024   Code   RO         4265    .text               mc_w.l(memseta.o)
    0x080001ca   0x0000001a   Code   RO         4267    .text               mc_w.l(memcmp.o)
    0x080001e4   0x000000b0   Code   RO         4530    .text               mf_w.l(fadd.o)
    0x08000294   0x00000064   Code   RO         4532    .text               mf_w.l(fmul.o)
    0x080002f8   0x0000007c   Code   RO         4534    .text               mf_w.l(fdiv.o)
    0x08000374   0x00000018   Code   RO         4536    .text               mf_w.l(fscalb.o)
    0x0800038c   0x0000014e   Code   RO         4538    .text               mf_w.l(dadd.o)
    0x080004da   0x000000e4   Code   RO         4540    .text               mf_w.l(dmul.o)
    0x080005be   0x000000de   Code   RO         4542    .text               mf_w.l(ddiv.o)
    0x0800069c   0x0000002e   Code   RO         4544    .text               mf_w.l(dscalb.o)
    0x080006ca   0x00000012   Code   RO         4546    .text               mf_w.l(fflti.o)
    0x080006dc   0x0000000a   Code   RO         4548    .text               mf_w.l(ffltui.o)
    0x080006e6   0x00000022   Code   RO         4550    .text               mf_w.l(dflti.o)
    0x08000708   0x0000001a   Code   RO         4552    .text               mf_w.l(dfltui.o)
    0x08000722   0x00000032   Code   RO         4554    .text               mf_w.l(ffixi.o)
    0x08000754   0x00000028   Code   RO         4556    .text               mf_w.l(ffixui.o)
    0x0800077c   0x00000032   Code   RO         4558    .text               mf_w.l(dfixui.o)
    0x080007ae   0x00000026   Code   RO         4560    .text               mf_w.l(f2d.o)
    0x080007d4   0x00000038   Code   RO         4562    .text               mf_w.l(d2f.o)
    0x0800080c   0x00000062   Code   RO         4618    .text               mc_w.l(uldiv.o)
    0x0800086e   0x0000001e   Code   RO         4620    .text               mc_w.l(llshl.o)
    0x0800088c   0x00000024   Code   RO         4622    .text               mc_w.l(llsshr.o)
    0x080008b0   0x00000000   Code   RO         4631    .text               mc_w.l(iusefp.o)
    0x080008b0   0x0000006e   Code   RO         4632    .text               mf_w.l(fepilogue.o)
    0x0800091e   0x000000ba   Code   RO         4634    .text               mf_w.l(depilogue.o)
    0x080009d8   0x00000024   Code   RO         4640    .text               mc_w.l(init.o)
    0x080009fc   0x000000a2   Code   RO         4642    .text               mf_w.l(dsqrt.o)
    0x08000a9e   0x00000056   Code   RO         4654    .text               mc_w.l(__dczerorl2.o)
    0x08000af4   0x00000056   Code   RO          707    i.ADC_ConversionStop_Disable  stm32f1xx_hal_adc.o
    0x08000b4a   0x00000002   PAD
    0x08000b4c   0x0000007c   Code   RO          711    i.ADC_Enable        stm32f1xx_hal_adc.o
    0x08000bc8   0x00000002   Code   RO          559    i.BusFault_Handler  stm32f1xx_it.o
    0x08000bca   0x00000002   Code   RO          560    i.DebugMon_Handler  stm32f1xx_it.o
    0x08000bcc   0x00000004   Code   RO          285    i.Error_Handler     main.o
    0x08000bd0   0x00000020   Code   RO           14    i.Get_Adc           control.o
    0x08000bf0   0x00000064   Code   RO           15    i.Get_Adc_Average   control.o
    0x08000c54   0x000000fc   Code   RO          713    i.HAL_ADC_ConfigChannel  stm32f1xx_hal_adc.o
    0x08000d50   0x00000006   Code   RO          720    i.HAL_ADC_GetValue  stm32f1xx_hal_adc.o
    0x08000d56   0x00000002   PAD
    0x08000d58   0x0000011c   Code   RO          722    i.HAL_ADC_Init      stm32f1xx_hal_adc.o
    0x08000e74   0x00000058   Code   RO          350    i.HAL_ADC_MspInit   adc.o
    0x08000ecc   0x0000013c   Code   RO          726    i.HAL_ADC_PollForConversion  stm32f1xx_hal_adc.o
    0x08001008   0x000000c0   Code   RO          728    i.HAL_ADC_Start     stm32f1xx_hal_adc.o
    0x080010c8   0x00000046   Code   RO         1362    i.HAL_DMA_Abort     stm32f1xx_hal_dma.o
    0x0800110e   0x00000002   PAD
    0x08001110   0x00000098   Code   RO         1363    i.HAL_DMA_Abort_IT  stm32f1xx_hal_dma.o
    0x080011a8   0x00000024   Code   RO          990    i.HAL_Delay         stm32f1xx_hal.o
    0x080011cc   0x000001e0   Code   RO         1298    i.HAL_GPIO_Init     stm32f1xx_hal_gpio.o
    0x080013ac   0x0000000a   Code   RO         1300    i.HAL_GPIO_ReadPin  stm32f1xx_hal_gpio.o
    0x080013b6   0x0000000a   Code   RO         1302    i.HAL_GPIO_WritePin  stm32f1xx_hal_gpio.o
    0x080013c0   0x0000000c   Code   RO          994    i.HAL_GetTick       stm32f1xx_hal.o
    0x080013cc   0x0000005a   Code   RO         1958    i.HAL_IWDG_Init     stm32f1xx_hal_iwdg.o
    0x08001426   0x0000000c   Code   RO         1959    i.HAL_IWDG_Refresh  stm32f1xx_hal_iwdg.o
    0x08001432   0x00000002   PAD
    0x08001434   0x00000010   Code   RO         1000    i.HAL_IncTick       stm32f1xx_hal.o
    0x08001444   0x00000024   Code   RO         1001    i.HAL_Init          stm32f1xx_hal.o
    0x08001468   0x00000040   Code   RO         1002    i.HAL_InitTick      stm32f1xx_hal.o
    0x080014a8   0x0000003c   Code   RO          647    i.HAL_MspInit       stm32f1xx_hal_msp.o
    0x080014e4   0x0000001a   Code   RO         1458    i.HAL_NVIC_EnableIRQ  stm32f1xx_hal_cortex.o
    0x080014fe   0x00000002   PAD
    0x08001500   0x00000040   Code   RO         1464    i.HAL_NVIC_SetPriority  stm32f1xx_hal_cortex.o
    0x08001540   0x00000024   Code   RO         1465    i.HAL_NVIC_SetPriorityGrouping  stm32f1xx_hal_cortex.o
    0x08001564   0x000000c8   Code   RO         1260    i.HAL_RCCEx_GetPeriphCLKFreq  stm32f1xx_hal_rcc_ex.o
    0x0800162c   0x000000ec   Code   RO         1261    i.HAL_RCCEx_PeriphCLKConfig  stm32f1xx_hal_rcc_ex.o
    0x08001718   0x0000012c   Code   RO         1158    i.HAL_RCC_ClockConfig  stm32f1xx_hal_rcc.o
    0x08001844   0x00000020   Code   RO         1165    i.HAL_RCC_GetPCLK1Freq  stm32f1xx_hal_rcc.o
    0x08001864   0x00000020   Code   RO         1166    i.HAL_RCC_GetPCLK2Freq  stm32f1xx_hal_rcc.o
    0x08001884   0x0000006c   Code   RO         1167    i.HAL_RCC_GetSysClockFreq  stm32f1xx_hal_rcc.o
    0x080018f0   0x00000320   Code   RO         1170    i.HAL_RCC_OscConfig  stm32f1xx_hal_rcc.o
    0x08001c10   0x00000028   Code   RO         1469    i.HAL_SYSTICK_Config  stm32f1xx_hal_cortex.o
    0x08001c38   0x00000002   Code   RO         2694    i.HAL_TIMEx_BreakCallback  stm32f1xx_hal_tim_ex.o
    0x08001c3a   0x00000002   Code   RO         2695    i.HAL_TIMEx_CommutCallback  stm32f1xx_hal_tim_ex.o
    0x08001c3c   0x00000054   Code   RO         2697    i.HAL_TIMEx_ConfigBreakDeadTime  stm32f1xx_hal_tim_ex.o
    0x08001c90   0x00000068   Code   RO         2713    i.HAL_TIMEx_MasterConfigSynchronization  stm32f1xx_hal_tim_ex.o
    0x08001cf8   0x0000005a   Code   RO         1990    i.HAL_TIM_Base_Init  stm32f1xx_hal_tim.o
    0x08001d52   0x00000002   PAD
    0x08001d54   0x0000003c   Code   RO          422    i.HAL_TIM_Base_MspInit  tim.o
    0x08001d90   0x00000058   Code   RO         1995    i.HAL_TIM_Base_Start_IT  stm32f1xx_hal_tim.o
    0x08001de8   0x000000d6   Code   RO         1999    i.HAL_TIM_ConfigClockSource  stm32f1xx_hal_tim.o
    0x08001ebe   0x000000a4   Code   RO         2011    i.HAL_TIM_Encoder_Init  stm32f1xx_hal_tim.o
    0x08001f62   0x00000002   PAD
    0x08001f64   0x0000008c   Code   RO          424    i.HAL_TIM_Encoder_MspInit  tim.o
    0x08001ff0   0x0000008e   Code   RO         2014    i.HAL_TIM_Encoder_Start  stm32f1xx_hal_tim.o
    0x0800207e   0x00000002   Code   RO         2024    i.HAL_TIM_IC_CaptureCallback  stm32f1xx_hal_tim.o
    0x08002080   0x00000166   Code   RO         2038    i.HAL_TIM_IRQHandler  stm32f1xx_hal_tim.o
    0x080021e6   0x00000002   PAD
    0x080021e8   0x0000004c   Code   RO          425    i.HAL_TIM_MspPostInit  tim.o
    0x08002234   0x00000002   Code   RO         2041    i.HAL_TIM_OC_DelayElapsedCallback  stm32f1xx_hal_tim.o
    0x08002236   0x000000c6   Code   RO         2062    i.HAL_TIM_PWM_ConfigChannel  stm32f1xx_hal_tim.o
    0x080022fc   0x0000005a   Code   RO         2065    i.HAL_TIM_PWM_Init  stm32f1xx_hal_tim.o
    0x08002356   0x00000002   PAD
    0x08002358   0x00000028   Code   RO          427    i.HAL_TIM_PWM_MspInit  tim.o
    0x08002380   0x00000002   Code   RO         2068    i.HAL_TIM_PWM_PulseFinishedCallback  stm32f1xx_hal_tim.o
    0x08002382   0x00000002   PAD
    0x08002384   0x0000009c   Code   RO         2070    i.HAL_TIM_PWM_Start  stm32f1xx_hal_tim.o
    0x08002420   0x000001d0   Code   RO           16    i.HAL_TIM_PeriodElapsedCallback  control.o
    0x080025f0   0x00000002   Code   RO         2081    i.HAL_TIM_TriggerCallback  stm32f1xx_hal_tim.o
    0x080025f2   0x00000002   Code   RO         2972    i.HAL_UARTEx_RxEventCallback  stm32f1xx_hal_uart.o
    0x080025f4   0x00000002   Code   RO         2986    i.HAL_UART_ErrorCallback  stm32f1xx_hal_uart.o
    0x080025f6   0x00000002   PAD
    0x080025f8   0x0000020c   Code   RO         2989    i.HAL_UART_IRQHandler  stm32f1xx_hal_uart.o
    0x08002804   0x00000062   Code   RO         2990    i.HAL_UART_Init     stm32f1xx_hal_uart.o
    0x08002866   0x00000002   PAD
    0x08002868   0x00000080   Code   RO          512    i.HAL_UART_MspInit  usart.o
    0x080028e8   0x0000002a   Code   RO         2995    i.HAL_UART_Receive_IT  stm32f1xx_hal_uart.o
    0x08002912   0x00000002   PAD
    0x08002914   0x00000064   Code   RO           17    i.HAL_UART_RxCpltCallback  control.o
    0x08002978   0x000000b2   Code   RO         2998    i.HAL_UART_Transmit  stm32f1xx_hal_uart.o
    0x08002a2a   0x00000002   Code   RO         3001    i.HAL_UART_TxCpltCallback  stm32f1xx_hal_uart.o
    0x08002a2c   0x00000002   Code   RO          561    i.HardFault_Handler  stm32f1xx_it.o
    0x08002a2e   0x00000002   PAD
    0x08002a30   0x00000034   Code   RO         3358    i.IICStart          oled.o
    0x08002a64   0x0000002c   Code   RO         3359    i.IICStop           oled.o
    0x08002a90   0x00000040   Code   RO         3524    i.IIC_Ack           iic.o
    0x08002ad0   0x0000000c   Code   RO         3526    i.IIC_Delay         iic.o
    0x08002adc   0x0000003c   Code   RO         3527    i.IIC_GPIO_Init     iic.o
    0x08002b18   0x00000038   Code   RO         3528    i.IIC_NAck          iic.o
    0x08002b50   0x00000058   Code   RO         3529    i.IIC_Read_Byte     iic.o
    0x08002ba8   0x0000005c   Code   RO         3530    i.IIC_Send_Byte     iic.o
    0x08002c04   0x00000040   Code   RO         3531    i.IIC_Start         iic.o
    0x08002c44   0x00000030   Code   RO         3532    i.IIC_Stop          iic.o
    0x08002c74   0x00000020   Code   RO         3360    i.IIC_WaitAck       oled.o
    0x08002c94   0x00000048   Code   RO         3533    i.IIC_Wait_Ack      iic.o
    0x08002cdc   0x00000084   Code   RO           18    i.KEY_Scan          control.o
    0x08002d60   0x00000024   Code   RO           19    i.Key_Proc          control.o
    0x08002d84   0x00000002   Code   RO           20    i.Limit_Pwm         control.o
    0x08002d86   0x00000032   Code   RO         4154    i.MPU_Get_Accelerometer  mpu6050.o
    0x08002db8   0x00000032   Code   RO         4155    i.MPU_Get_Gyroscope  mpu6050.o
    0x08002dea   0x00000002   PAD
    0x08002dec   0x0000004c   Code   RO         4156    i.MPU_Get_Temperature  mpu6050.o
    0x08002e38   0x0000006c   Code   RO         4159    i.MPU_Read_Len      mpu6050.o
    0x08002ea4   0x00000052   Code   RO         4165    i.MPU_Write_Len     mpu6050.o
    0x08002ef6   0x00000002   PAD
    0x08002ef8   0x00000050   Code   RO          351    i.MX_ADC1_Init      adc.o
    0x08002f48   0x000000f8   Code   RO          325    i.MX_GPIO_Init      gpio.o
    0x08003040   0x0000002c   Code   RO          391    i.MX_IWDG_Init      iwdg.o
    0x0800306c   0x000000b0   Code   RO          428    i.MX_TIM1_Init      tim.o
    0x0800311c   0x0000006c   Code   RO          429    i.MX_TIM2_Init      tim.o
    0x08003188   0x00000068   Code   RO          430    i.MX_TIM3_Init      tim.o
    0x080031f0   0x0000006c   Code   RO          431    i.MX_TIM4_Init      tim.o
    0x0800325c   0x00000038   Code   RO          513    i.MX_USART2_UART_Init  usart.o
    0x08003294   0x00000002   Code   RO          562    i.MemManage_Handler  stm32f1xx_it.o
    0x08003296   0x00000002   Code   RO          563    i.NMI_Handler       stm32f1xx_it.o
    0x08003298   0x0000003a   Code   RO         3361    i.OLED_Clear        oled.o
    0x080032d2   0x00000002   PAD
    0x080032d4   0x00000018   Code   RO         3362    i.OLED_ColorTurn    oled.o
    0x080032ec   0x0000002c   Code   RO         3363    i.OLED_DisplayTurn  oled.o
    0x08003318   0x000000de   Code   RO         3367    i.OLED_Init         oled.o
    0x080033f6   0x00000002   PAD
    0x080033f8   0x00000038   Code   RO           21    i.OLED_Init_show    control.o
    0x08003430   0x00000064   Code   RO           22    i.OLED_Proc         control.o
    0x08003494   0x0000002a   Code   RO         3369    i.OLED_Set_Pos      oled.o
    0x080034be   0x00000002   PAD
    0x080034c0   0x00000050   Code   RO         3370    i.OLED_ShowCHinese  oled.o
    0x08003510   0x00000088   Code   RO         3371    i.OLED_ShowChar     oled.o
    0x08003598   0x0000006a   Code   RO         3372    i.OLED_ShowNum      oled.o
    0x08003602   0x00000036   Code   RO         3373    i.OLED_ShowString   oled.o
    0x08003638   0x0000000c   Code   RO         3374    i.OLED_WR_Byte      oled.o
    0x08003644   0x00000040   Code   RO           23    i.PID_Init          control.o
    0x08003684   0x00000002   Code   RO          564    i.PendSV_Handler    stm32f1xx_it.o
    0x08003686   0x00000002   PAD
    0x08003688   0x00000028   Code   RO           24    i.Read_Speed        control.o
    0x080036b0   0x00000002   Code   RO          565    i.SVC_Handler       stm32f1xx_it.o
    0x080036b2   0x00000002   PAD
    0x080036b4   0x000000a4   Code   RO           25    i.Set_Pwm           control.o
    0x08003758   0x00000004   Code   RO          566    i.SysTick_Handler   stm32f1xx_it.o
    0x0800375c   0x00000080   Code   RO          286    i.SystemClock_Config  main.o
    0x080037dc   0x00000002   Code   RO         3319    i.SystemInit        system_stm32f1xx.o
    0x080037de   0x00000002   PAD
    0x080037e0   0x0000000c   Code   RO          567    i.TIM3_IRQHandler   stm32f1xx_it.o
    0x080037ec   0x0000006c   Code   RO         2083    i.TIM_Base_SetConfig  stm32f1xx_hal_tim.o
    0x08003858   0x0000001a   Code   RO         2084    i.TIM_CCxChannelCmd  stm32f1xx_hal_tim.o
    0x08003872   0x00000014   Code   RO         2094    i.TIM_ETR_SetConfig  stm32f1xx_hal_tim.o
    0x08003886   0x00000010   Code   RO         2095    i.TIM_ITRx_SetConfig  stm32f1xx_hal_tim.o
    0x08003896   0x00000002   PAD
    0x08003898   0x0000004c   Code   RO           26    i.TIM_Init          control.o
    0x080038e4   0x00000050   Code   RO         2096    i.TIM_OC1_SetConfig  stm32f1xx_hal_tim.o
    0x08003934   0x00000058   Code   RO         2097    i.TIM_OC2_SetConfig  stm32f1xx_hal_tim.o
    0x0800398c   0x00000058   Code   RO         2098    i.TIM_OC3_SetConfig  stm32f1xx_hal_tim.o
    0x080039e4   0x00000044   Code   RO         2099    i.TIM_OC4_SetConfig  stm32f1xx_hal_tim.o
    0x08003a28   0x00000022   Code   RO         2101    i.TIM_TI1_ConfigInputStage  stm32f1xx_hal_tim.o
    0x08003a4a   0x00000024   Code   RO         2103    i.TIM_TI2_ConfigInputStage  stm32f1xx_hal_tim.o
    0x08003a6e   0x00000010   Code   RO         3003    i.UART_DMAAbortOnError  stm32f1xx_hal_uart.o
    0x08003a7e   0x00000030   Code   RO         3013    i.UART_EndRxTransfer  stm32f1xx_hal_uart.o
    0x08003aae   0x000000b6   Code   RO         3015    i.UART_Receive_IT   stm32f1xx_hal_uart.o
    0x08003b64   0x000000b8   Code   RO         3016    i.UART_SetConfig    stm32f1xx_hal_uart.o
    0x08003c1c   0x00000036   Code   RO         3018    i.UART_Start_Receive_IT  stm32f1xx_hal_uart.o
    0x08003c52   0x00000064   Code   RO         3019    i.UART_WaitOnFlagUntilTimeout  stm32f1xx_hal_uart.o
    0x08003cb6   0x00000002   PAD
    0x08003cb8   0x0000000c   Code   RO          568    i.USART2_IRQHandler  stm32f1xx_it.o
    0x08003cc4   0x00000002   Code   RO          569    i.UsageFault_Handler  stm32f1xx_it.o
    0x08003cc6   0x00000002   PAD
    0x08003cc8   0x00000050   Code   RO         3375    i.Write_IIC_Byte    oled.o
    0x08003d18   0x0000002e   Code   RO         3376    i.Write_IIC_Command  oled.o
    0x08003d46   0x0000002e   Code   RO         3377    i.Write_IIC_Data    oled.o
    0x08003d74   0x00000020   Code   RO         4476    i.__0printf$8       mc_w.l(printf8.o)
    0x08003d94   0x00000028   Code   RO         4588    i.__ARM_fpclassify  m_ws.l(fpclassify.o)
    0x08003dbc   0x00000020   Code   RO         1471    i.__NVIC_SetPriority  stm32f1xx_hal_cortex.o
    0x08003ddc   0x000000aa   Code   RO         4590    i.__kernel_poly     m_ws.l(poly.o)
    0x08003e86   0x00000006   Code   RO         4575    i.__mathlib_dbl_infnan  m_ws.l(dunder.o)
    0x08003e8c   0x00000004   Code   RO         4576    i.__mathlib_dbl_infnan2  m_ws.l(dunder.o)
    0x08003e90   0x0000000c   Code   RO         4577    i.__mathlib_dbl_invalid  m_ws.l(dunder.o)
    0x08003e9c   0x00000010   Code   RO         4580    i.__mathlib_dbl_underflow  m_ws.l(dunder.o)
    0x08003eac   0x0000000e   Code   RO         4648    i.__scatterload_copy  mc_w.l(handlers.o)
    0x08003eba   0x00000002   Code   RO         4649    i.__scatterload_null  mc_w.l(handlers.o)
    0x08003ebc   0x0000000e   Code   RO         4650    i.__scatterload_zeroinit  mc_w.l(handlers.o)
    0x08003eca   0x00000002   PAD
    0x08003ecc   0x0000000c   Code   RO         4626    i.__set_errno       mc_w.l(errno.o)
    0x08003ed8   0x00000410   Code   RO         4483    i._printf_core      mc_w.l(printf8.o)
    0x080042e8   0x00000024   Code   RO         4484    i._printf_post_padding  mc_w.l(printf8.o)
    0x0800430c   0x0000002e   Code   RO         4485    i._printf_pre_padding  mc_w.l(printf8.o)
    0x0800433a   0x00000002   PAD
    0x0800433c   0x00000080   Code   RO         3604    i.accel_self_test   inv_mpu.o
    0x080043bc   0x00000270   Code   RO         4241    i.asin              m_ws.l(asin.o)
    0x0800462c   0x00000220   Code   RO         4565    i.atan              m_ws.l(atan.o)
    0x0800484c   0x00000180   Code   RO         4251    i.atan2             m_ws.l(atan2.o)
    0x080049cc   0x00000038   Code   RO           28    i.balance_UP        control.o
    0x08004a04   0x0000003a   Code   RO         3965    i.dmp_enable_6x_lp_quat  inv_mpu_dmp_motion_driver.o
    0x08004a3e   0x00000002   PAD
    0x08004a40   0x000001d8   Code   RO         3966    i.dmp_enable_feature  inv_mpu_dmp_motion_driver.o
    0x08004c18   0x0000003c   Code   RO         3967    i.dmp_enable_gyro_cal  inv_mpu_dmp_motion_driver.o
    0x08004c54   0x0000003a   Code   RO         3968    i.dmp_enable_lp_quat  inv_mpu_dmp_motion_driver.o
    0x08004c8e   0x00000002   PAD
    0x08004c90   0x00000014   Code   RO         3973    i.dmp_load_motion_driver_firmware  inv_mpu_dmp_motion_driver.o
    0x08004ca4   0x00000144   Code   RO         3974    i.dmp_read_fifo     inv_mpu_dmp_motion_driver.o
    0x08004de8   0x000000d8   Code   RO         3977    i.dmp_set_accel_bias  inv_mpu_dmp_motion_driver.o
    0x08004ec0   0x00000064   Code   RO         3978    i.dmp_set_fifo_rate  inv_mpu_dmp_motion_driver.o
    0x08004f24   0x000000cc   Code   RO         3979    i.dmp_set_gyro_bias  inv_mpu_dmp_motion_driver.o
    0x08004ff0   0x0000010c   Code   RO         3981    i.dmp_set_orientation  inv_mpu_dmp_motion_driver.o
    0x080050fc   0x00000030   Code   RO         3984    i.dmp_set_shake_reject_thresh  inv_mpu_dmp_motion_driver.o
    0x0800512c   0x00000020   Code   RO         3985    i.dmp_set_shake_reject_time  inv_mpu_dmp_motion_driver.o
    0x0800514c   0x00000020   Code   RO         3986    i.dmp_set_shake_reject_timeout  inv_mpu_dmp_motion_driver.o
    0x0800516c   0x00000040   Code   RO         3987    i.dmp_set_tap_axes  inv_mpu_dmp_motion_driver.o
    0x080051ac   0x00000022   Code   RO         3988    i.dmp_set_tap_count  inv_mpu_dmp_motion_driver.o
    0x080051ce   0x00000002   PAD
    0x080051d0   0x00000128   Code   RO         3989    i.dmp_set_tap_thresh  inv_mpu_dmp_motion_driver.o
    0x080052f8   0x00000020   Code   RO         3990    i.dmp_set_tap_time  inv_mpu_dmp_motion_driver.o
    0x08005318   0x00000020   Code   RO         3991    i.dmp_set_tap_time_multi  inv_mpu_dmp_motion_driver.o
    0x08005338   0x00000018   Code   RO          514    i.fputc             usart.o
    0x08005350   0x000000ac   Code   RO         3605    i.get_accel_prod_shift  inv_mpu.o
    0x080053fc   0x00000314   Code   RO         3606    i.get_st_biases     inv_mpu.o
    0x08005710   0x000000d4   Code   RO         3607    i.gyro_self_test    inv_mpu.o
    0x080057e4   0x00000022   Code   RO         3608    i.inv_orientation_matrix_to_scalar  inv_mpu.o
    0x08005806   0x00000048   Code   RO         3609    i.inv_row_2_scale   inv_mpu.o
    0x0800584e   0x00000002   PAD
    0x08005850   0x00000098   Code   RO          287    i.main              main.o
    0x080058e8   0x00000002   Code   RO         3610    i.mget_ms           inv_mpu.o
    0x080058ea   0x00000002   PAD
    0x080058ec   0x00000054   Code   RO         3611    i.mpu_configure_fifo  inv_mpu.o
    0x08005940   0x0000019c   Code   RO         3612    i.mpu_dmp_get_data  inv_mpu.o
    0x08005adc   0x000000a4   Code   RO         3613    i.mpu_dmp_init      inv_mpu.o
    0x08005b80   0x0000003c   Code   RO         3614    i.mpu_get_accel_fsr  inv_mpu.o
    0x08005bbc   0x00000044   Code   RO         3616    i.mpu_get_accel_sens  inv_mpu.o
    0x08005c00   0x00000034   Code   RO         3622    i.mpu_get_gyro_fsr  inv_mpu.o
    0x08005c34   0x00000040   Code   RO         3624    i.mpu_get_gyro_sens  inv_mpu.o
    0x08005c74   0x00000038   Code   RO         3626    i.mpu_get_lpf       inv_mpu.o
    0x08005cac   0x0000001c   Code   RO         3628    i.mpu_get_sample_rate  inv_mpu.o
    0x08005cc8   0x00000188   Code   RO         3630    i.mpu_init          inv_mpu.o
    0x08005e50   0x000000a0   Code   RO         3631    i.mpu_load_firmware  inv_mpu.o
    0x08005ef0   0x000000b8   Code   RO         3632    i.mpu_lp_accel_mode  inv_mpu.o
    0x08005fa8   0x00000090   Code   RO         3635    i.mpu_read_fifo_stream  inv_mpu.o
    0x08006038   0x00000054   Code   RO         3636    i.mpu_read_mem      inv_mpu.o
    0x0800608c   0x00000160   Code   RO         3639    i.mpu_reset_fifo    inv_mpu.o
    0x080061ec   0x000000f0   Code   RO         3640    i.mpu_run_self_test  inv_mpu.o
    0x080062dc   0x00000068   Code   RO         3642    i.mpu_set_accel_fsr  inv_mpu.o
    0x08006344   0x000000dc   Code   RO         3643    i.mpu_set_bypass    inv_mpu.o
    0x08006420   0x00000078   Code   RO         3645    i.mpu_set_dmp_state  inv_mpu.o
    0x08006498   0x0000006c   Code   RO         3646    i.mpu_set_gyro_fsr  inv_mpu.o
    0x08006504   0x00000064   Code   RO         3647    i.mpu_set_int_latched  inv_mpu.o
    0x08006568   0x0000006c   Code   RO         3649    i.mpu_set_lpf       inv_mpu.o
    0x080065d4   0x00000080   Code   RO         3650    i.mpu_set_sample_rate  inv_mpu.o
    0x08006654   0x000000b8   Code   RO         3651    i.mpu_set_sensors   inv_mpu.o
    0x0800670c   0x00000054   Code   RO         3652    i.mpu_write_mem     inv_mpu.o
    0x08006760   0x00000010   Code   RO         3379    i.oled_pow          oled.o
    0x08006770   0x00000076   Code   RO         3653    i.run_self_test     inv_mpu.o
    0x080067e6   0x00000002   PAD
    0x080067e8   0x00000058   Code   RO         3654    i.set_int_enable    inv_mpu.o
    0x08006840   0x0000004c   Code   RO         4594    i.sqrt              m_ws.l(sqrt.o)
    0x0800688c   0x00000030   Code   RO           29    i.turn              control.o
    0x080068bc   0x000000a8   Code   RO           30    i.velocity          control.o
    0x08006964   0x00000010   Data   RO         3320    .constdata          system_stm32f1xx.o
    0x08006974   0x00000008   Data   RO         3321    .constdata          system_stm32f1xx.o
    0x0800697c   0x00000818   Data   RO         3380    .constdata          oled.o
    0x08007194   0x0000001b   Data   RO         3656    .constdata          inv_mpu.o
    0x080071af   0x00000001   PAD
    0x080071b0   0x0000000c   Data   RO         3657    .constdata          inv_mpu.o
    0x080071bc   0x00000028   Data   RO         3658    .constdata          inv_mpu.o
    0x080071e4   0x00000bf6   Data   RO         3993    .constdata          inv_mpu_dmp_motion_driver.o
    0x08007dda   0x00000006   PAD
    0x08007de0   0x00000050   Data   RO         4242    .constdata          m_ws.l(asin.o)
    0x08007e30   0x00000098   Data   RO         4566    .constdata          m_ws.l(atan.o)
    0x08007ec8   0x00000008   Data   RO         4592    .constdata          m_ws.l(qnan.o)
    0x08007ed0   0x0000004d   Data   RO         3659    .conststring        inv_mpu.o
    0x08007f1d   0x00000003   PAD
    0x08007f20   0x00000020   Data   RO         4646    Region$$Table       anon$$obj.o


    Execution Region RW_IRAM1 (Base: 0x20000000, Size: 0x00000780, Max: 0x00005000, ABSOLUTE, COMPRESSED[0x0000008c])

    Base Addr    Size         Type   Attr      Idx    E Section Name        Object

    0x20000000   0x00000028   Data   RW           32    .data               control.o
    0x20000028   0x0000000c   Data   RW         1008    .data               stm32f1xx_hal.o
    0x20000034   0x00000004   Data   RW         3322    .data               system_stm32f1xx.o
    0x20000038   0x00000100   Data   RW         3381    .data               oled.o
    0x20000138   0x00000035   Data   RW         3660    .data               inv_mpu.o
    0x2000016d   0x00000003   PAD
    0x20000170   0x00000004   Data   RW         4615    .data               mc_w.l(stdout.o)
    0x20000174   0x00000004   Data   RW         4627    .data               mc_w.l(errno.o)
    0x20000178   0x00000054   Zero   RW           31    .bss                control.o
    0x200001cc   0x00000030   Zero   RW          352    .bss                adc.o
    0x200001fc   0x0000000c   Zero   RW          392    .bss                iwdg.o
    0x20000208   0x00000120   Zero   RW          432    .bss                tim.o
    0x20000328   0x00000044   Zero   RW          515    .bss                usart.o
    0x2000036c   0x00000010   Zero   RW         3992    .bss                inv_mpu_dmp_motion_driver.o
    0x2000037c   0x00000004   PAD
    0x20000380   0x00000400   Zero   RW            1    STACK               startup_stm32f103xb.o


==============================================================================

Image component sizes


      Code (inc. data)   RO Data    RW Data    ZI Data      Debug   Object Name

       168         22          0          0         48       1581   adc.o
      1638        204          0         40         84     454603   control.o
       248         16          0          0          0        979   gpio.o
       556         46          0          0          0       5559   iic.o
      5314        290        156         53          0      30122   inv_mpu.o
      2350        118       3062          0         16      19558   inv_mpu_dmp_motion_driver.o
        44          8          0          0         12        687   iwdg.o
       284         28          0          0          0       2020   main.o
       366         16          0          0          0       4046   mpu6050.o
      1094         32       2072        256          0      10712   oled.o
        36          8        236          0       1024        792   startup_stm32f103xb.o
       164         28          0         12          0       5805   stm32f1xx_hal.o
      1260         54          0          0          0       6364   stm32f1xx_hal_adc.o
       198         14          0          0          0      28799   stm32f1xx_hal_cortex.o
       222          4          0          0          0       1743   stm32f1xx_hal_dma.o
       500         34          0          0          0       3435   stm32f1xx_hal_gpio.o
       102          0          0          0          0       1799   stm32f1xx_hal_iwdg.o
        60          8          0          0          0        850   stm32f1xx_hal_msp.o
      1272        100          0          0          0       5116   stm32f1xx_hal_rcc.o
       436         46          0          0          0       2469   stm32f1xx_hal_rcc_ex.o
      2072         58          0          0          0      16911   stm32f1xx_hal_tim.o
       192         12          0          0          0       3117   stm32f1xx_hal_tim_ex.o
      1432         10          0          0          0      10196   stm32f1xx_hal_uart.o
        44         12          0          0          0       4640   stm32f1xx_it.o
         2          0         24          4          0       1091   system_stm32f1xx.o
       812         80          0          0        288       5311   tim.o
       208         26          0          0         68       2098   usart.o

    ----------------------------------------------------------------------
     21136       1274       5592        368       1544     630403   Object Totals
         0          0         32          0          0          0   (incl. Generated)
        62          0         10          3          4          0   (incl. Padding)

    ----------------------------------------------------------------------

      Code (inc. data)   RO Data    RW Data    ZI Data      Debug   Library Member Name

       624         52         80          0          0        168   asin.o
       544         70        152          0          0        124   atan.o
       384         38          0          0          0        144   atan2.o
        38          6          0          0          0        272   dunder.o
        40          0          0          0          0         68   fpclassify.o
       170          0          0          0          0         96   poly.o
         0          0          8          0          0          0   qnan.o
        76          0          0          0          0         84   sqrt.o
        86          0          0          0          0          0   __dczerorl2.o
         0          0          0          0          0          0   entry.o
         0          0          0          0          0          0   entry10a.o
         0          0          0          0          0          0   entry11a.o
         8          4          0          0          0          0   entry2.o
         4          0          0          0          0          0   entry5.o
         0          0          0          0          0          0   entry7b.o
         0          0          0          0          0          0   entry8b.o
         8          4          0          0          0          0   entry9a.o
        12          6          0          4          0         68   errno.o
        30          0          0          0          0          0   handlers.o
        36          8          0          0          0         68   init.o
         0          0          0          0          0          0   iusefp.o
        98          0          0          0          0         84   ldiv.o
        30          0          0          0          0         68   llshl.o
        36          0          0          0          0         68   llsshr.o
        32          0          0          0          0         68   llushr.o
        26          0          0          0          0         80   memcmp.o
        36          0          0          0          0        108   memseta.o
      1154         54          0          0          0        352   printf8.o
         0          0          0          4          0          0   stdout.o
        98          0          0          0          0         92   uldiv.o
        56          0          0          0          0         88   d2f.o
       334          0          0          0          0        148   dadd.o
       222          0          0          0          0        100   ddiv.o
       186          0          0          0          0        176   depilogue.o
        50          0          0          0          0         76   dfixui.o
        34          0          0          0          0         76   dflti.o
        26          0          0          0          0         76   dfltui.o
       228          0          0          0          0         96   dmul.o
        46          0          0          0          0         80   dscalb.o
       162          0          0          0          0        100   dsqrt.o
        38          0          0          0          0         68   f2d.o
       176          0          0          0          0        140   fadd.o
       124          0          0          0          0         88   fdiv.o
       110          0          0          0          0        168   fepilogue.o
        50          0          0          0          0         68   ffixi.o
        40          0          0          0          0         68   ffixui.o
        18          0          0          0          0         68   fflti.o
        10          0          0          0          0         68   ffltui.o
       100          0          0          0          0         76   fmul.o
        24          0          0          0          0         68   fscalb.o

    ----------------------------------------------------------------------
      5608        242        240          8          0       3908   Library Totals
         4          0          0          0          0          0   (incl. Padding)

    ----------------------------------------------------------------------

      Code (inc. data)   RO Data    RW Data    ZI Data      Debug   Library Name

      1876        166        240          0          0        956   m_ws.l
      1694         76          0          8          0       1056   mc_w.l
      2034          0          0          0          0       1896   mf_w.l

    ----------------------------------------------------------------------
      5608        242        240          8          0       3908   Library Totals

    ----------------------------------------------------------------------

==============================================================================


      Code (inc. data)   RO Data    RW Data    ZI Data      Debug   

     26744       1516       5832        376       1544     622167   Grand Totals
     26744       1516       5832        140       1544     622167   ELF Image Totals (compressed)
     26744       1516       5832        140          0          0   ROM Totals

==============================================================================

    Total RO  Size (Code + RO Data)                32576 (  31.81kB)
    Total RW  Size (RW Data + ZI Data)              1920 (   1.88kB)
    Total ROM Size (Code + RO Data + RW Data)      32716 (  31.95kB)

==============================================================================

